[07:53:46] === flint_pr_nail: active-set-frozen Newton ===
[07:53:51]   warm anderson: ||Phi-P||inf=2.183300e-01 ||.||2=4.884402e-01 d_FR=2.685254e-01
[07:53:55]   warm persist2: ||Phi-P||inf=2.093988e-01 ||.||2=5.869558e-01 d_FR=2.691658e-01
[07:54:00]   warm flint_newton: ||Phi-P||inf=2.182594e-01 ||.||2=4.416102e-01 d_FR=2.686154e-01
[07:54:04]   warm L1: ||Phi-P||inf=2.090767e-01 ||.||2=5.835268e-01 d_FR=2.691524e-01
[07:54:09]   warm L2: ||Phi-P||inf=2.077727e-01 ||.||2=5.667145e-01 d_FR=2.691094e-01
[07:54:13]   warm L3: ||Phi-P||inf=2.093075e-01 ||.||2=5.852858e-01 d_FR=2.691617e-01
[07:54:13]   CHOSE warm start: L2 (||Phi-P||inf=2.077727e-01)
[07:54:28]   recorded-strict vs fast-strict max diff = 0.000e+00
[07:54:37]   ||phi_frozen(P) - phi_strict(P)||inf = 0.000e+00 (MUST be < 1e-50)
[07:54:38]   push OK (warm-start eval (L2 inf=2.078e-01), gate frozen-match=0.0e+00) attempt 0
[07:54:38]   GATE PASSED. Launching active-set Newton.
[07:54:38] --- active-set iteration 1 ---
[07:54:48]   newton[1] start ||F||inf=2.077727e-01 ||F||2=5.667145e-01
[07:54:48]     building Jacobian (N=729, FD_eps=1e-07, nproc=4) ...
[07:59:15]       jac 100/729 (267s)
[08:03:07]       jac 200/729 (499s)
[08:07:01]       jac 300/729 (733s)
[08:10:55]       jac 400/729 (967s)
[08:15:12]       jac 500/729 (1224s)
[08:19:11]       jac 600/729 (1463s)
[08:23:08]       jac 700/729 (1700s)
[08:24:20]     Jacobian done in 29.5 min
[08:25:53]   newton[1] it 1: ||F||2 5.6671e-01->5.4212e-01 ||F||inf 2.0777e-01->1.9757e-01 lam=7.9e+00 ||d||inf=2.65e-01
[08:26:21]   newton[1] it 2: ||F||2 5.4212e-01->5.3904e-01 ||F||inf 1.9757e-01->1.9481e-01 lam=2.8e+01 ||d||inf=2.89e-02
[08:26:50]   newton[1] it 3: ||F||2 5.3904e-01->5.3887e-01 ||F||inf 1.9481e-01->1.9405e-01 lam=1.0e+02 ||d||inf=6.50e-03
[08:27:37]   newton[1] it 4: ||F||2 5.3887e-01->5.3887e-01 ||F||inf 1.9405e-01->1.9403e-01 lam=3.3e+03 ||d||inf=2.13e-04
[08:29:48]   newton[1] it 5: no descent (lam=1.6e+10); stop ||F||2=5.3887e-01 ||F||inf=1.9403e-01
[08:30:03]   as_iter 1: frozen ||F||inf=1.940e-01 ||.||2=5.389e-01
[08:30:03]   as_iter 1: STRICT ||Phi-P||inf=5.032030e-01 ||.||2=7.482605e-01 d_FR=2.692863e-01
[08:30:03]   as_iter 1: active-set changes=4162 over 281 cells
[08:30:03]   as_iter 1: stiff cells (first 20): [(1, 1, 2), (1, 1, 3), (1, 1, 4), (1, 1, 5), (1, 1, 6), (1, 1, 7), (1, 1, 8), (1, 1, 9), (1, 2, 1), (1, 2, 2), (1, 2, 3), (1, 2, 4), (1, 2, 6), (1, 2, 7), (1, 2, 8), (1, 2, 9), (1, 3, 6), (1, 3, 7), (1, 3, 8), (1, 3, 9)]
