[20:58:01] Loaded P from /home/user/FIXED-POINT-FACTORY/projects/REZN/solved_fixed_points/flint_persist2/P.npy, shape=(11, 11, 11)
[20:58:01] Initializing lifted cell-block state (one Φ-helper call per cell)...
[20:58:02]    init: row i=1 (0.6s elapsed)
[20:58:02]    init: row i=2 (1.1s elapsed)
[20:58:03]    init: row i=3 (1.7s elapsed)
[20:58:03]    init: row i=4 (2.3s elapsed)
[20:58:04]    init: row i=5 (2.8s elapsed)
[20:58:04]    init: row i=6 (3.4s elapsed)
[20:58:05]    init: row i=7 (4.0s elapsed)
[20:58:06]    init: row i=8 (4.6s elapsed)
[20:58:06]    init: row i=9 (5.2s elapsed)
[20:58:06] Cell-block state init done in 5.2s
[20:58:06] Scanning to build POTENTIAL-edge cache (sigmoid mask, s=1.0e+04)...
[20:58:09]   build_potential_edges: total 2.5s, N_potential=705564
[20:58:09] N_potential = 705564, NSTATE = 712854
[20:58:09] Full state assembled: len=712854
[20:58:09] Validation gate: computing F_residual at base...
[20:58:21]   F_residual cost = 12.81s
[20:58:21]   Block norms at base: ‖Fp‖∞=1.059e+04  ‖Fμ‖∞=6.229e-207  ‖FA‖∞=8.117e-01  ‖Ffrac‖∞=9.984e-01
[20:58:31]   ‖Φ-P‖∞ (L0-bench) at base = 2.094e-01, computed in 9.1s
[20:58:31]   d_FR at base = 2.6917e-01
[20:58:31] L3 JFNK, NSTATE=712854 (cell 7290 + frac 705564), α=0.01, clip||δ||∞≤1.0, FD_eps=1e-08, gmres restart=20 tol=0.0001, sigmoid_s=10000.0
[21:03:42]   outer   1  ||Φ-P||∞=2.094e-01  (L0-bench)  ||F||∞=1.059e+04  (Fp:1.06e+04 Fμ:6.23e-207 FA:8.12e-01 Ff:9.98e-01)  ||δ||∞=3.648e-03  step∞=3.648e-05  gmres_info=1  d_FR=2.6917e-01  N_pot=705564  (tot 311.7s, +Φ_bench 9.1s, nF=22)
[21:03:43]   --- push outer 1: push_rc=0
[21:03:58]   iter 2: F_residual=14.1s
[21:09:09]   outer   2  ||Φ-P||∞=2.094e-01  (L0-bench)  ||F||∞=1.050e+04  (Fp:1.05e+04 Fμ:1.82e-08 FA:8.12e-01 Ff:9.98e-01)  ||δ||∞=3.669e-03  step∞=3.669e-05  gmres_info=1  d_FR=2.6917e-01  N_pot=705564  (tot 325.2s, +Φ_bench 9.3s, nF=44)
[21:09:10]   --- push outer 2: push_rc=0
[21:16:22]   outer   3  ||Φ-P||∞=2.094e-01  (L0-bench)  ||F||∞=1.041e+04  (Fp:1.04e+04 Fμ:3.67e-08 FA:8.11e-01 Ff:9.98e-01)  ||δ||∞=3.689e-03  step∞=3.689e-05  gmres_info=1  d_FR=2.6917e-01  N_pot=705564  (tot 432.1s, +Φ_bench 9.1s, nF=66)
[21:16:23]   --- push outer 3: push_rc=0
[21:23:32]   outer   4  ||Φ-P||∞=2.094e-01  (L0-bench)  ||F||∞=1.033e+04  (Fp:1.03e+04 Fμ:5.54e-08 FA:8.11e-01 Ff:9.98e-01)  ||δ||∞=3.709e-03  step∞=3.709e-05  gmres_info=1  d_FR=2.6917e-01  N_pot=705564  (tot 428.8s, +Φ_bench 14.9s, nF=88)
[21:23:33]   --- push outer 4: push_rc=0
[21:31:02]   outer   5  ||Φ-P||∞=2.094e-01  (L0-bench)  ||F||∞=1.024e+04  (Fp:1.02e+04 Fμ:7.44e-08 FA:8.11e-01 Ff:9.98e-01)  ||δ||∞=3.728e-03  step∞=3.728e-05  gmres_info=1  d_FR=2.6917e-01  N_pot=705564  (tot 448.7s, +Φ_bench 14.0s, nF=110)
[21:31:03]   --- push outer 5: push_rc=0
[21:38:04]   outer   6  ||Φ-P||∞=2.094e-01  (L0-bench)  ||F||∞=1.016e+04  (Fp:1.02e+04 Fμ:9.37e-08 FA:8.11e-01 Ff:9.98e-01)  ||δ||∞=3.747e-03  step∞=3.747e-05  gmres_info=1  d_FR=2.6917e-01  N_pot=705564  (tot 421.0s, +Φ_bench 12.3s, nF=132)
[21:38:05]   --- push outer 6: push_rc=0
[21:44:38]   outer   7  ||Φ-P||∞=2.094e-01  (L0-bench)  ||F||∞=1.007e+04  (Fp:1.01e+04 Fμ:1.13e-07 FA:8.11e-01 Ff:9.98e-01)  ||δ||∞=3.782e-03  step∞=3.782e-05  gmres_info=1  d_FR=2.6917e-01  N_pot=705564  (tot 392.4s, +Φ_bench 10.3s, nF=154)
[21:44:39]   --- push outer 7: push_rc=0
[21:49:56]   outer   8  ||Φ-P||∞=2.094e-01  (L0-bench)  ||F||∞=9.991e+03  (Fp:9.99e+03 Fμ:1.33e-07 FA:8.11e-01 Ff:9.98e-01)  ||δ||∞=3.829e-03  step∞=3.829e-05  gmres_info=1  d_FR=2.6916e-01  N_pot=705564  (tot 317.1s, +Φ_bench 9.7s, nF=176)
[21:49:57]   --- push outer 8: push_rc=0
[21:55:22]   outer   9  ||Φ-P||∞=2.094e-01  (L0-bench)  ||F||∞=9.910e+03  (Fp:9.91e+03 Fμ:1.53e-07 FA:8.10e-01 Ff:9.98e-01)  ||δ||∞=3.876e-03  step∞=3.876e-05  gmres_info=1  d_FR=2.6916e-01  N_pot=705564  (tot 324.9s, +Φ_bench 9.8s, nF=198)
[21:55:23]   --- push outer 9: push_rc=0
[22:00:45]   outer  10  ||Φ-P||∞=2.094e-01  (L0-bench)  ||F||∞=9.829e+03  (Fp:9.83e+03 Fμ:1.74e-07 FA:8.10e-01 Ff:9.98e-01)  ||δ||∞=3.924e-03  step∞=3.924e-05  gmres_info=1  d_FR=2.6916e-01  N_pot=705564  (tot 321.9s, +Φ_bench 8.6s, nF=220)
[22:00:48]   --- push outer 10: push_rc=0
[22:06:14]   outer  11  ||Φ-P||∞=2.094e-01  (L0-bench)  ||F||∞=9.750e+03  (Fp:9.75e+03 Fμ:1.95e-07 FA:8.10e-01 Ff:9.98e-01)  ||δ||∞=3.976e-03  step∞=3.976e-05  gmres_info=1  d_FR=2.6916e-01  N_pot=705564  (tot 326.2s, +Φ_bench 9.8s, nF=242)
[22:06:15]   --- push outer 11: push_rc=0
[22:11:41]   outer  12  ||Φ-P||∞=2.094e-01  (L0-bench)  ||F||∞=9.672e+03  (Fp:9.67e+03 Fμ:2.16e-07 FA:8.10e-01 Ff:9.98e-01)  ||δ||∞=4.036e-03  step∞=4.036e-05  gmres_info=1  d_FR=2.6916e-01  N_pot=705564  (tot 325.7s, +Φ_bench 9.2s, nF=264)
[22:11:42]   --- push outer 12: push_rc=0
[22:17:03]   outer  13  ||Φ-P||∞=2.094e-01  (L0-bench)  ||F||∞=9.594e+03  (Fp:9.59e+03 Fμ:2.38e-07 FA:8.10e-01 Ff:9.98e-01)  ||δ||∞=4.114e-03  step∞=4.114e-05  gmres_info=1  d_FR=2.6916e-01  N_pot=705564  (tot 321.3s, +Φ_bench 9.4s, nF=286)
[22:17:04]   --- push outer 13: push_rc=0
[22:22:35]   outer  14  ||Φ-P||∞=2.094e-01  (L0-bench)  ||F||∞=9.518e+03  (Fp:9.52e+03 Fμ:2.61e-07 FA:8.10e-01 Ff:9.98e-01)  ||δ||∞=4.224e-03  step∞=4.224e-05  gmres_info=1  d_FR=2.6916e-01  N_pot=705564  (tot 330.3s, +Φ_bench 9.0s, nF=308)
[22:22:36]   --- push outer 14: push_rc=0
[22:27:57]   outer  15  ||Φ-P||∞=2.094e-01  (L0-bench)  ||F||∞=9.443e+03  (Fp:9.44e+03 Fμ:2.86e-07 FA:8.09e-01 Ff:9.98e-01)  ||δ||∞=4.355e-03  step∞=4.355e-05  gmres_info=1  d_FR=2.6916e-01  N_pot=705564  (tot 321.4s, +Φ_bench 9.6s, nF=330)
[22:27:58]   --- push outer 15: push_rc=0
[22:33:27]   outer  16  ||Φ-P||∞=2.094e-01  (L0-bench)  ||F||∞=9.369e+03  (Fp:9.37e+03 Fμ:3.12e-07 FA:8.09e-01 Ff:9.98e-01)  ||δ||∞=4.340e-03  step∞=4.340e-05  gmres_info=1  d_FR=2.6916e-01  N_pot=705564  (tot 328.7s, +Φ_bench 9.4s, nF=352)
[22:33:28]   --- push outer 16: push_rc=0
[22:38:51]   outer  17  ||Φ-P||∞=2.094e-01  (L0-bench)  ||F||∞=9.296e+03  (Fp:9.30e+03 Fμ:3.38e-07 FA:8.09e-01 Ff:9.98e-01)  ||δ||∞=4.328e-03  step∞=4.328e-05  gmres_info=1  d_FR=2.6916e-01  N_pot=705564  (tot 322.8s, +Φ_bench 9.3s, nF=374)
[22:38:52]   --- push outer 17: push_rc=0
[22:44:17]   outer  18  ||Φ-P||∞=2.093e-01  (L0-bench)  ||F||∞=9.224e+03  (Fp:9.22e+03 Fμ:3.63e-07 FA:8.09e-01 Ff:9.98e-01)  ||δ||∞=4.335e-03  step∞=4.335e-05  gmres_info=1  d_FR=2.6916e-01  N_pot=705564  (tot 325.3s, +Φ_bench 9.5s, nF=396)
[22:44:19]   --- push outer 18: push_rc=0
[22:49:40]   outer  19  ||Φ-P||∞=2.093e-01  (L0-bench)  ||F||∞=9.152e+03  (Fp:9.15e+03 Fμ:3.88e-07 FA:8.09e-01 Ff:9.98e-01)  ||δ||∞=4.362e-03  step∞=4.362e-05  gmres_info=1  d_FR=2.6916e-01  N_pot=705564  (tot 321.6s, +Φ_bench 9.1s, nF=418)
[22:49:41]   --- push outer 19: push_rc=0
[22:55:06]   outer  20  ||Φ-P||∞=2.093e-01  (L0-bench)  ||F||∞=9.082e+03  (Fp:9.08e+03 Fμ:4.13e-07 FA:8.09e-01 Ff:9.98e-01)  ||δ||∞=4.406e-03  step∞=4.406e-05  gmres_info=1  d_FR=2.6916e-01  N_pot=705564  (tot 324.3s, +Φ_bench 9.6s, nF=440)
[22:55:07]   --- push outer 20: push_rc=0
[23:00:33]   outer  21  ||Φ-P||∞=2.093e-01  (L0-bench)  ||F||∞=9.012e+03  (Fp:9.01e+03 Fμ:4.39e-07 FA:8.08e-01 Ff:9.98e-01)  ||δ||∞=4.465e-03  step∞=4.465e-05  gmres_info=1  d_FR=2.6916e-01  N_pot=705564  (tot 326.4s, +Φ_bench 8.9s, nF=462)
[23:00:35]   --- push outer 21: push_rc=0
[23:06:00]   outer  22  ||Φ-P||∞=2.093e-01  (L0-bench)  ||F||∞=8.943e+03  (Fp:8.94e+03 Fμ:4.65e-07 FA:8.08e-01 Ff:9.98e-01)  ||δ||∞=4.538e-03  step∞=4.538e-05  gmres_info=1  d_FR=2.6916e-01  N_pot=705564  (tot 325.4s, +Φ_bench 9.4s, nF=484)
[23:06:01]   --- push outer 22: push_rc=0
[23:11:27]   outer  23  ||Φ-P||∞=2.093e-01  (L0-bench)  ||F||∞=8.875e+03  (Fp:8.88e+03 Fμ:4.92e-07 FA:8.08e-01 Ff:9.98e-01)  ||δ||∞=4.609e-03  step∞=4.609e-05  gmres_info=1  d_FR=2.6916e-01  N_pot=705564  (tot 326.2s, +Φ_bench 9.6s, nF=506)
