DEFINITIVE (gamma,tau) co-area deficit sweep  G_inner=17  kernel_h=C*du^0.5
  g= 0.05 t= 0.5 | deficit=0.1865 d_FR=0.202 ||F||=5.6e-14 NAIL (3s)
  g= 0.10 t= 0.5 | deficit=0.1555 d_FR=0.200 ||F||=6.0e-14 NAIL (3s)
  g= 0.20 t= 0.5 | deficit=0.1028 d_FR=0.196 ||F||=1.4e-13 NAIL (2s)
  g= 0.40 t= 0.5 | deficit=0.0411 d_FR=0.187 ||F||=5.3e-13 NAIL (2s)
  g= 0.80 t= 0.5 | deficit=0.0111 d_FR=0.177 ||F||=1.1e-12 NAIL (2s)
  g= 1.60 t= 0.5 | deficit=0.0035 d_FR=0.168 ||F||=1.4e-12 NAIL (2s)
  g= 3.20 t= 0.5 | deficit=0.0011 d_FR=0.162 ||F||=2.0e-12 NAIL (2s)
  g= 6.40 t= 0.5 | deficit=0.0004 d_FR=0.158 ||F||=2.1e-12 NAIL (2s)
  g= 0.05 t= 1.0 | deficit=0.2169 d_FR=0.263 ||F||=7.4e-13 NAIL (2s)
  g= 0.10 t= 1.0 | deficit=0.2034 d_FR=0.261 ||F||=1.0e-12 NAIL (2s)
  g= 0.20 t= 1.0 | deficit=0.1765 d_FR=0.255 ||F||=5.2e-12 NAIL (2s)
  g= 0.40 t= 1.0 | deficit=0.1259 d_FR=0.241 ||F||=5.8e-11 NAIL (2s)
  g= 0.80 t= 1.0 | deficit=0.0649 d_FR=0.216 ||F||=3.1e-10 NAIL (2s)
  g= 1.60 t= 1.0 | deficit=0.0262 d_FR=0.187 ||F||=8.0e-10 NAIL (2s)
  g= 3.20 t= 1.0 | deficit=0.0100 d_FR=0.162 ||F||=1.1e-14 NAIL (4s)
  g= 6.40 t= 1.0 | deficit=0.0051 d_FR=0.145 ||F||=1.2e-14 NAIL (4s)
  g= 0.05 t= 2.0 | deficit=0.2853 d_FR=0.303 ||F||=7.2e-13 NAIL (2s)
  g= 0.10 t= 2.0 | deficit=0.2813 d_FR=0.302 ||F||=3.4e-12 NAIL (2s)
  g= 0.20 t= 2.0 | deficit=0.2662 d_FR=0.297 ||F||=3.6e-14 NAIL (3s)
  g= 0.40 t= 2.0 | deficit=0.2281 d_FR=0.284 ||F||=1.2e-10 NAIL (3s)
  g= 0.80 t= 2.0 | deficit=0.1630 d_FR=0.258 ||F||=2.9e-10 NAIL (3s)
  g= 1.60 t= 2.0 | deficit=0.0952 d_FR=0.221 ||F||=1.4e-12 NAIL (5s)
  g= 3.20 t= 2.0 | deficit=0.0497 d_FR=0.179 ||F||=7.3e-11 NAIL (5s)
  g= 6.40 t= 2.0 | deficit=0.0294 d_FR=0.143 ||F||=6.0e-11 NAIL (5s)
  g= 0.05 t= 4.0 | deficit=0.3597 d_FR=0.328 ||F||=3.3e-13 NAIL (2s)
  g= 0.10 t= 4.0 | deficit=0.3570 d_FR=0.327 ||F||=6.0e-10 NAIL (1s)
  g= 0.20 t= 4.0 | deficit=0.3391 d_FR=0.319 ||F||=4.2e-03 soft (33s)
  g= 0.40 t= 4.0 | deficit=0.3003 d_FR=0.309 ||F||=1.9e-11 NAIL (17s)
  g= 0.80 t= 4.0 | deficit=0.2603 d_FR=0.294 ||F||=3.6e-10 NAIL (8s)
  g= 1.60 t= 4.0 | deficit=0.2072 d_FR=0.273 ||F||=5.2e-14 NAIL (6s)
  g= 3.20 t= 4.0 | deficit=0.1403 d_FR=0.238 ||F||=1.8e-10 NAIL (10s)
  g= 6.40 t= 4.0 | deficit=0.0854 d_FR=0.197 ||F||=5.4e-10 NAIL (9s)
DONE 144s; nailed 31/32
wrote coarea_2d_sweep.png
