======================================================================
FAST h-FREE SMOOTH co-area K=3 solver  (matrix-free NK + symmetry reduction)
SAME operator as hfree_operator.py: NO kernel / bandwidth / smoothing param.
date 2026-05-29  UMAX=4 Nq=40 sub=4
operator permutation-commute asymmetry = 8.882e-16 (verifies Phi(perm P)=perm Phi(P))
single operator eval = 0.075s
DENSE-FD per-column 0.080s x N=729 -> ~58.3s / Newton step (extrapolated; original hfree_nail logged 84-98s/step)
  nk it 1 ||F||=3.027e-01
  nk it 2 ||F||=6.284e-02
  nk it 3 ||F||=3.390e-02
  nk it 4 ||F||=7.271e-03
  nk it 5 ||F||=5.684e-04
  nk it 6 ||F||=4.201e-06
  nk it 7 ||F||=2.461e-09
  nk it 8 ||F||=1.256e-13
FAST nail @ tau=2,gamma=0.1: reduced||F||=1.256e-13 full||F||=1.257e-13 iters=8 walltime=17.25s
  deficit=0.17285 slope_T=0.36266 d_FR=0.2567 asym=0.00e+00
SPEEDUP: dense-FD 58.3s/step vs FAST 17.25s/FULL-solve  (~3x for a whole solve vs one dense step)
----------------------------------------------------------------------
9-cell (gamma,tau) mini-sweep (each nailed with FAST solver):
  gamma=  0.1 tau= 1.0 -> ||F||=8.59e-05 deficit=0.09178 conv=False picard=True  75.42s
  gamma=  0.1 tau= 2.0 -> ||F||=1.11e-15 deficit=0.17285 conv=True picard=False  3.81s
  gamma=  0.1 tau= 4.0 -> ||F||=9.44e-16 deficit=0.19724 conv=True picard=True  15.72s
  gamma=  1.0 tau= 1.0 -> ||F||=4.24e-04 deficit=0.06982 conv=False picard=True  135.36s
  gamma=  1.0 tau= 2.0 -> ||F||=8.97e-04 deficit=0.11596 conv=False picard=True  110.33s
  gamma=  1.0 tau= 4.0 -> ||F||=3.51e-04 deficit=0.09524 conv=False picard=True  197.66s
======================================================================
FAST h-FREE SMOOTH co-area K=3 solver  (matrix-free NK + symmetry reduction)
SAME operator as hfree_operator.py: NO kernel / bandwidth / smoothing param.
date 2026-05-29  UMAX=4 Nq=40 sub=4
operator permutation-commute asymmetry = 8.882e-16 (verifies Phi(perm P)=perm Phi(P))
single operator eval = 0.155s
DENSE-FD per-column 0.200s x N=729 -> ~146.1s / Newton step (extrapolated; original hfree_nail logged 84-98s/step)
  nk it 1 ||F||=3.027e-01
  nk it 2 ||F||=6.284e-02
  nk it 3 ||F||=3.390e-02
  nk it 4 ||F||=7.271e-03
  nk it 5 ||F||=5.684e-04
  nk it 6 ||F||=4.201e-06
  nk it 7 ||F||=2.461e-09
  nk it 8 ||F||=1.256e-13
FAST nail @ tau=2,gamma=0.1: reduced||F||=1.256e-13 full||F||=1.257e-13 iters=8 walltime=39.68s
  deficit=0.17285 slope_T=0.36266 d_FR=0.2567 asym=0.00e+00
SPEEDUP: dense-FD 146.1s/step vs FAST 39.68s/FULL-solve  (~4x for a whole solve vs one dense step)
----------------------------------------------------------------------
9-cell (gamma,tau) mini-sweep (each nailed with FAST solver):
resuming sweep: 6 cells already done
