[10:36:10] GATE: 1 Cython-Phi @100-dec = 1.970s/Phi
[10:36:10] GATE: max|Phi_cy(100) - Phi_fast(200)| over interior = 2.449e-91 (floor ~1e-100)
[10:36:10] GATE: est wall ~40 seeds x ~150 iters / 4 workers = 49.3 min
[10:36:10] GATE: match <= 1e-85 ? True
[10:36:12]   push OK (attempt 1)
[10:36:17] built 33 seeds
[10:36:17] seed d_FR range [0.0000, 0.8372]; 32/33 far-from-FR (d_FR>0.05)
[10:43:27] === seed 'rand_uni_s1' (rand_uni=1.0) w=0.05 start; seed d_FR=0.49868 ===
[10:43:27]   [rand_uni_s1] it   1  ||Phi-P||inf=8.8611e-01  d_FR=0.49868  (2.3s)
[10:43:27]   [rand_uni_s1] it   2  ||Phi-P||inf=8.3997e-01  d_FR=0.48622  (2.4s)
[10:43:27]   [rand_uni_s1] it   3  ||Phi-P||inf=7.8237e-01  d_FR=0.47528  (2.4s)
[10:43:27]   [rand_uni_s1] it   4  ||Phi-P||inf=7.4340e-01  d_FR=0.46508  (2.3s)
[10:43:27]   [rand_uni_s1] it   5  ||Phi-P||inf=7.0747e-01  d_FR=0.45555  (2.3s)
[10:43:27]   [rand_uni_s1] it   6  ||Phi-P||inf=6.7352e-01  d_FR=0.44664  (2.3s)
[10:43:27]   [rand_uni_s1] it   7  ||Phi-P||inf=6.4596e-01  d_FR=0.43835  (2.3s)
[10:43:27]   [rand_uni_s1] it   8  ||Phi-P||inf=6.1463e-01  d_FR=0.43065  (2.6s)
[10:43:27]   [rand_uni_s1] it   9  ||Phi-P||inf=5.8492e-01  d_FR=0.42347  (2.4s)
[10:43:27]   [rand_uni_s1] it  10  ||Phi-P||inf=5.5676e-01  d_FR=0.41672  (2.3s)
[10:43:27]   [rand_uni_s1] it  11  ||Phi-P||inf=5.2981e-01  d_FR=0.41035  (2.3s)
[10:43:27]   [rand_uni_s1] it  12  ||Phi-P||inf=5.0433e-01  d_FR=0.40444  (2.3s)
[10:43:27]   [rand_uni_s1] it  13  ||Phi-P||inf=4.8516e-01  d_FR=0.39889  (2.5s)
[10:43:27]   [rand_uni_s1] it  14  ||Phi-P||inf=4.6311e-01  d_FR=0.39370  (2.3s)
[10:43:27]   [rand_uni_s1] it  15  ||Phi-P||inf=4.3994e-01  d_FR=0.38881  (2.3s)
[10:43:27]   [rand_uni_s1] it  16  ||Phi-P||inf=4.2204e-01  d_FR=0.38419  (2.3s)
[10:43:27]   [rand_uni_s1] it  17  ||Phi-P||inf=4.0112e-01  d_FR=0.37989  (2.3s)
[10:43:27]   [rand_uni_s1] it  18  ||Phi-P||inf=3.8136e-01  d_FR=0.37583  (2.3s)
[10:43:27]   [rand_uni_s1] it  19  ||Phi-P||inf=3.6262e-01  d_FR=0.37200  (2.3s)
[10:43:27]   [rand_uni_s1] it  20  ||Phi-P||inf=3.4473e-01  d_FR=0.36840  (2.2s)
[10:43:27]   [rand_uni_s1] it  21  ||Phi-P||inf=3.3893e-01  d_FR=0.36497  (2.2s)
[10:43:27]   [rand_uni_s1] it  22  ||Phi-P||inf=3.8952e-01  d_FR=0.36165  (2.2s)
[10:43:27]   [rand_uni_s1] it  23  ||Phi-P||inf=3.3422e-01  d_FR=0.35851  (2.2s)
[10:43:27]   [rand_uni_s1] it  24  ||Phi-P||inf=3.1732e-01  d_FR=0.35564  (2.3s)
[10:43:27]   [rand_uni_s1] it  25  ||Phi-P||inf=3.1305e-01  d_FR=0.35276  (2.3s)
[10:43:27]   [rand_uni_s1] it  26  ||Phi-P||inf=3.1079e-01  d_FR=0.35018  (2.3s)
[10:43:27]   [rand_uni_s1] it  27  ||Phi-P||inf=3.0555e-01  d_FR=0.34773  (2.2s)
[10:43:27]   [rand_uni_s1] it  28  ||Phi-P||inf=2.9423e-01  d_FR=0.34533  (2.2s)
[10:43:27]   [rand_uni_s1] it  29  ||Phi-P||inf=3.0522e-01  d_FR=0.34306  (2.4s)
[10:43:27]   [rand_uni_s1] it  30  ||Phi-P||inf=2.9631e-01  d_FR=0.34088  (2.2s)
[10:43:27]   [rand_uni_s1] it  31  ||Phi-P||inf=2.8299e-01  d_FR=0.33876  (2.2s)
[10:43:27]   [rand_uni_s1] it  32  ||Phi-P||inf=2.7821e-01  d_FR=0.33682  (2.2s)
[10:43:27]   [rand_uni_s1] it  33  ||Phi-P||inf=2.8427e-01  d_FR=0.33495  (2.3s)
[10:43:27]   [rand_uni_s1] it  34  ||Phi-P||inf=2.7479e-01  d_FR=0.33316  (2.2s)
[10:43:27]   [rand_uni_s1] it  35  ||Phi-P||inf=2.8465e-01  d_FR=0.33145  (2.2s)
[10:43:27]   [rand_uni_s1] it  36  ||Phi-P||inf=2.7570e-01  d_FR=0.32988  (2.2s)
[10:43:27]   [rand_uni_s1] it  37  ||Phi-P||inf=2.6637e-01  d_FR=0.32835  (2.2s)
[10:43:27]   [rand_uni_s1] it  38  ||Phi-P||inf=2.5537e-01  d_FR=0.32689  (2.1s)
[10:43:27]   [rand_uni_s1] it  39  ||Phi-P||inf=2.4428e-01  d_FR=0.32554  (2.1s)
[10:43:27]   [rand_uni_s1] it  40  ||Phi-P||inf=2.3331e-01  d_FR=0.32424  (2.1s)
[10:43:27]   [rand_uni_s1] it  41  ||Phi-P||inf=2.4751e-01  d_FR=0.32302  (2.2s)
[10:43:27]   [rand_uni_s1] it  42  ||Phi-P||inf=2.4201e-01  d_FR=0.32186  (2.2s)
[10:43:27]   [rand_uni_s1] it  43  ||Phi-P||inf=2.5782e-01  d_FR=0.32074  (2.2s)
[10:43:27]   [rand_uni_s1] it  44  ||Phi-P||inf=2.4696e-01  d_FR=0.31959  (2.2s)
[10:43:27]   [rand_uni_s1] it  45  ||Phi-P||inf=2.4469e-01  d_FR=0.31858  (2.2s)
[10:43:27]   [rand_uni_s1] it  46  ||Phi-P||inf=2.3036e-01  d_FR=0.31756  (2.2s)
[10:43:27]   [rand_uni_s1] it  47  ||Phi-P||inf=2.1915e-01  d_FR=0.31660  (2.2s)
[10:43:27]   [rand_uni_s1] it  48  ||Phi-P||inf=2.2777e-01  d_FR=0.31574  (2.1s)
[10:43:27]   [rand_uni_s1] it  49  ||Phi-P||inf=2.4481e-01  d_FR=0.31484  (2.1s)
[10:43:27]   [rand_uni_s1] it  50  ||Phi-P||inf=2.3600e-01  d_FR=0.31393  (2.3s)
[10:43:27]   [rand_uni_s1] it  51  ||Phi-P||inf=2.3746e-01  d_FR=0.31310  (2.2s)
[10:43:27]   [rand_uni_s1] it  52  ||Phi-P||inf=2.2841e-01  d_FR=0.31231  (2.2s)
[10:43:27]   [rand_uni_s1] it  53  ||Phi-P||inf=2.5356e-01  d_FR=0.31157  (2.3s)
[10:43:27]   [rand_uni_s1] it  54  ||Phi-P||inf=2.4325e-01  d_FR=0.31087  (2.2s)
[10:43:27]   [rand_uni_s1] it  55  ||Phi-P||inf=2.3330e-01  d_FR=0.31011  (2.2s)
[10:43:27]   [rand_uni_s1] it  56  ||Phi-P||inf=2.4938e-01  d_FR=0.30944  (2.2s)
[10:43:27]   [rand_uni_s1] it  57  ||Phi-P||inf=2.5676e-01  d_FR=0.30881  (2.1s)
[10:43:27]   [rand_uni_s1] it  58  ||Phi-P||inf=2.5501e-01  d_FR=0.30820  (2.2s)
[10:43:27]   [rand_uni_s1] it  59  ||Phi-P||inf=2.4440e-01  d_FR=0.30760  (2.1s)
[10:43:27]   [rand_uni_s1] it  60  ||Phi-P||inf=2.7188e-01  d_FR=0.30707  (2.2s)
[10:43:27]   [rand_uni_s1] it  61  ||Phi-P||inf=2.5992e-01  d_FR=0.30645  (2.2s)
[10:43:27]   [rand_uni_s1] it  62  ||Phi-P||inf=2.4866e-01  d_FR=0.30598  (2.2s)
[10:43:27]   [rand_uni_s1] it  63  ||Phi-P||inf=2.3778e-01  d_FR=0.30546  (2.3s)
[10:43:27]   [rand_uni_s1] it  64  ||Phi-P||inf=2.2726e-01  d_FR=0.30501  (2.1s)
[10:43:27]   [rand_uni_s1] it  65  ||Phi-P||inf=2.1713e-01  d_FR=0.30456  (2.1s)
[10:43:27]   [rand_uni_s1] it  66  ||Phi-P||inf=2.1032e-01  d_FR=0.30412  (2.1s)
[10:43:27]   [rand_uni_s1] it  67  ||Phi-P||inf=2.0586e-01  d_FR=0.30372  (2.1s)
[10:43:27]   [rand_uni_s1] it  68  ||Phi-P||inf=1.9276e-01  d_FR=0.30337  (2.1s)
[10:43:27]   [rand_uni_s1] it  69  ||Phi-P||inf=1.9128e-01  d_FR=0.30301  (2.2s)
[10:43:27]   [rand_uni_s1] it  70  ||Phi-P||inf=2.0508e-01  d_FR=0.30267  (2.1s)
[10:43:27]   [rand_uni_s1] it  71  ||Phi-P||inf=2.0757e-01  d_FR=0.30229  (2.3s)
[10:43:27]   [rand_uni_s1] it  72  ||Phi-P||inf=2.3028e-01  d_FR=0.30194  (2.2s)
[10:43:27]   [rand_uni_s1] it  73  ||Phi-P||inf=2.3481e-01  d_FR=0.30164  (2.1s)
[10:43:27]   [rand_uni_s1] it  74  ||Phi-P||inf=2.2456e-01  d_FR=0.30140  (2.1s)
[10:43:27]   [rand_uni_s1] it  75  ||Phi-P||inf=2.1463e-01  d_FR=0.30115  (2.2s)
[10:43:27]   [rand_uni_s1] it  76  ||Phi-P||inf=2.0951e-01  d_FR=0.30089  (2.1s)
[10:43:27]   [rand_uni_s1] it  77  ||Phi-P||inf=2.5611e-01  d_FR=0.30064  (2.1s)
[10:43:27]   [rand_uni_s1] it  78  ||Phi-P||inf=2.4435e-01  d_FR=0.30037  (2.1s)
[10:43:27]   [rand_uni_s1] it  79  ||Phi-P||inf=2.3952e-01  d_FR=0.30012  (2.1s)
[10:43:27]   [rand_uni_s1] it  80  ||Phi-P||inf=2.3245e-01  d_FR=0.29988  (2.1s)
[10:43:27]   [rand_uni_s1] it  81  ||Phi-P||inf=2.2664e-01  d_FR=0.29955  (2.1s)
[10:43:27]   [rand_uni_s1] it  82  ||Phi-P||inf=2.1661e-01  d_FR=0.29935  (2.1s)
[10:43:27]   [rand_uni_s1] it  83  ||Phi-P||inf=2.0517e-01  d_FR=0.29908  (2.1s)
[10:43:27]   [rand_uni_s1] it  84  ||Phi-P||inf=2.1501e-01  d_FR=0.29892  (2.1s)
[10:43:27]   [rand_uni_s1] it  85  ||Phi-P||inf=2.1642e-01  d_FR=0.29878  (2.1s)
[10:43:27]   [rand_uni_s1] it  86  ||Phi-P||inf=2.1318e-01  d_FR=0.29858  (2.1s)
[10:43:27]   [rand_uni_s1] it  87  ||Phi-P||inf=2.1989e-01  d_FR=0.29847  (2.1s)
[10:43:27]   [rand_uni_s1] it  88  ||Phi-P||inf=2.0860e-01  d_FR=0.29834  (2.1s)
[10:43:27]   [rand_uni_s1] it  89  ||Phi-P||inf=2.1333e-01  d_FR=0.29819  (2.1s)
[10:43:27]   [rand_uni_s1] it  90  ||Phi-P||inf=2.1789e-01  d_FR=0.29811  (2.1s)
[10:43:27]   [rand_uni_s1] it  91  ||Phi-P||inf=2.0467e-01  d_FR=0.29794  (2.1s)
[10:43:27]   [rand_uni_s1] it  92  ||Phi-P||inf=2.1322e-01  d_FR=0.29785  (2.1s)
[10:43:27]   [rand_uni_s1] it  93  ||Phi-P||inf=2.1600e-01  d_FR=0.29776  (2.1s)
[10:43:27]   [rand_uni_s1] it  94  ||Phi-P||inf=2.1978e-01  d_FR=0.29764  (2.1s)
[10:43:27]   [rand_uni_s1] it  95  ||Phi-P||inf=2.1938e-01  d_FR=0.29749  (2.1s)
[10:43:27]   [rand_uni_s1] it  96  ||Phi-P||inf=2.2287e-01  d_FR=0.29743  (2.1s)
[10:43:27]   [rand_uni_s1] it  97  ||Phi-P||inf=2.1927e-01  d_FR=0.29736  (2.1s)
[10:43:27]   [rand_uni_s1] it  98  ||Phi-P||inf=2.0599e-01  d_FR=0.29728  (2.1s)
[10:43:27]   [rand_uni_s1] it  99  ||Phi-P||inf=2.1667e-01  d_FR=0.29725  (2.1s)
[10:43:27]   [rand_uni_s1] it 100  ||Phi-P||inf=2.1670e-01  d_FR=0.29711  (2.1s)
[10:43:27]   [rand_uni_s1] it 101  ||Phi-P||inf=2.0474e-01  d_FR=0.29704  (2.1s)
[10:43:27]   [rand_uni_s1] it 102  ||Phi-P||inf=2.1320e-01  d_FR=0.29696  (2.1s)
[10:43:27]   [rand_uni_s1] it 103  ||Phi-P||inf=2.1618e-01  d_FR=0.29693  (2.1s)
[10:43:27]   [rand_uni_s1] it 104  ||Phi-P||inf=2.2224e-01  d_FR=0.29687  (2.1s)
[10:43:27]   [rand_uni_s1] it 105  ||Phi-P||inf=2.1682e-01  d_FR=0.29675  (2.1s)
[10:43:27]   [rand_uni_s1] it 106  ||Phi-P||inf=2.1157e-01  d_FR=0.29665  (2.1s)
[10:43:27]   [rand_uni_s1] it 107  ||Phi-P||inf=2.1950e-01  d_FR=0.29661  (2.1s)
[10:43:27]   [rand_uni_s1] it 108  ||Phi-P||inf=2.1458e-01  d_FR=0.29656  (2.1s)
[10:43:27]   [rand_uni_s1] it 109  ||Phi-P||inf=2.1559e-01  d_FR=0.29655  (2.1s)
[10:43:27]   [rand_uni_s1] it 110  ||Phi-P||inf=2.1524e-01  d_FR=0.29648  (2.1s)
[10:43:27]   [rand_uni_s1] it 111  ||Phi-P||inf=2.1347e-01  d_FR=0.29642  (2.2s)
[10:43:27]   [rand_uni_s1] it 112  ||Phi-P||inf=2.0768e-01  d_FR=0.29640  (2.1s)
[10:43:27]   [rand_uni_s1] it 113  ||Phi-P||inf=2.1737e-01  d_FR=0.29635  (2.1s)
[10:43:27]   [rand_uni_s1] it 114  ||Phi-P||inf=2.1637e-01  d_FR=0.29633  (2.1s)
[10:43:27]   [rand_uni_s1] it 115  ||Phi-P||inf=2.2168e-01  d_FR=0.29628  (2.1s)
[10:43:27]   [rand_uni_s1] it 116  ||Phi-P||inf=2.1790e-01  d_FR=0.29625  (2.1s)
[10:43:27]   [rand_uni_s1] it 117  ||Phi-P||inf=2.1839e-01  d_FR=0.29625  (2.1s)
[10:43:27]   [rand_uni_s1] it 118  ||Phi-P||inf=2.0074e-01  d_FR=0.29613  (2.1s)
[10:43:27]   [rand_uni_s1] it 119  ||Phi-P||inf=2.0577e-01  d_FR=0.29613  (2.1s)
[10:43:27]   [rand_uni_s1] it 120  ||Phi-P||inf=2.1906e-01  d_FR=0.29607  (2.1s)
[10:43:27]   [rand_uni_s1] it 121  ||Phi-P||inf=2.0895e-01  d_FR=0.29606  (2.1s)
[10:43:27]   [rand_uni_s1] it 122  ||Phi-P||inf=2.1808e-01  d_FR=0.29606  (2.1s)
[10:43:27]   [rand_uni_s1] it 123  ||Phi-P||inf=2.0786e-01  d_FR=0.29605  (2.2s)
[10:43:27]   [rand_uni_s1] it 124  ||Phi-P||inf=2.0920e-01  d_FR=0.29601  (2.2s)
[10:43:27]   [rand_uni_s1] it 125  ||Phi-P||inf=2.1647e-01  d_FR=0.29603  (2.1s)
[10:43:27]   [rand_uni_s1] it 126  ||Phi-P||inf=2.1738e-01  d_FR=0.29596  (2.1s)
[10:43:27]   [rand_uni_s1] it 127  ||Phi-P||inf=2.1238e-01  d_FR=0.29598  (2.1s)
[10:43:27]   [rand_uni_s1] it 128  ||Phi-P||inf=2.1365e-01  d_FR=0.29603  (2.1s)
[10:43:27]   [rand_uni_s1] it 129  ||Phi-P||inf=2.1003e-01  d_FR=0.29599  (2.1s)
[10:43:27]   [rand_uni_s1] it 130  ||Phi-P||inf=2.1919e-01  d_FR=0.29603  (2.1s)
[10:43:27]   [rand_uni_s1] it 131  ||Phi-P||inf=2.0605e-01  d_FR=0.29598  (2.1s)
[10:43:27]   [rand_uni_s1] it 132  ||Phi-P||inf=2.0620e-01  d_FR=0.29600  (2.1s)
[10:43:27]   [rand_uni_s1] it 133  ||Phi-P||inf=2.2363e-01  d_FR=0.29604  (2.1s)
[10:43:27]   [rand_uni_s1] it 134  ||Phi-P||inf=2.2506e-01  d_FR=0.29609  (2.1s)
[10:43:27]   [rand_uni_s1] it 135  ||Phi-P||inf=2.2112e-01  d_FR=0.29611  (2.1s)
[10:43:27]   [rand_uni_s1] it 136  ||Phi-P||inf=2.2322e-01  d_FR=0.29619  (2.1s)
[10:43:27]   [rand_uni_s1] it 137  ||Phi-P||inf=2.2684e-01  d_FR=0.29621  (2.1s)
[10:43:27]   [rand_uni_s1] it 138  ||Phi-P||inf=2.2475e-01  d_FR=0.29616  (2.1s)
[10:43:27]   [rand_uni_s1] it 139  ||Phi-P||inf=2.1979e-01  d_FR=0.29619  (2.1s)
[10:43:27]   [rand_uni_s1] it 140  ||Phi-P||inf=2.2436e-01  d_FR=0.29625  (2.1s)
[10:43:27]   [rand_uni_s1] it 141  ||Phi-P||inf=2.2829e-01  d_FR=0.29633  (2.1s)
[10:43:27]   [rand_uni_s1] it 142  ||Phi-P||inf=2.2974e-01  d_FR=0.29638  (2.1s)
[10:43:27]   [rand_uni_s1] it 143  ||Phi-P||inf=2.2945e-01  d_FR=0.29640  (2.1s)
[10:43:27]   [rand_uni_s1] it 144  ||Phi-P||inf=2.2668e-01  d_FR=0.29637  (2.1s)
[10:43:27]   [rand_uni_s1] it 145  ||Phi-P||inf=2.1924e-01  d_FR=0.29640  (2.1s)
[10:43:27]   [rand_uni_s1] it 146  ||Phi-P||inf=2.2926e-01  d_FR=0.29644  (2.1s)
[10:43:27]   [rand_uni_s1] it 147  ||Phi-P||inf=2.1229e-01  d_FR=0.29642  (2.1s)
[10:43:27]   [rand_uni_s1] it 148  ||Phi-P||inf=2.2563e-01  d_FR=0.29648  (2.2s)
[10:43:27]   [rand_uni_s1] it 149  ||Phi-P||inf=2.0973e-01  d_FR=0.29647  (2.3s)
[10:43:27]   [rand_uni_s1] it 150  ||Phi-P||inf=2.1823e-01  d_FR=0.29652  (2.1s)
[10:43:27]   [rand_uni_s1] it 151  ||Phi-P||inf=2.1111e-01  d_FR=0.29652  (2.1s)
[10:43:27]   [rand_uni_s1] it 152  ||Phi-P||inf=2.0768e-01  d_FR=0.29656  (2.1s)
[10:43:27]   [rand_uni_s1] it 153  ||Phi-P||inf=2.2111e-01  d_FR=0.29656  (2.1s)
[10:43:27]   [rand_uni_s1] it 154  ||Phi-P||inf=2.2753e-01  d_FR=0.29658  (2.1s)
[10:43:27]   [rand_uni_s1] it 155  ||Phi-P||inf=2.2348e-01  d_FR=0.29661  (2.1s)
[10:43:27]   [rand_uni_s1] it 156  ||Phi-P||inf=2.2525e-01  d_FR=0.29667  (2.1s)
[10:43:27]   [rand_uni_s1] it 157  ||Phi-P||inf=2.2562e-01  d_FR=0.29672  (2.1s)
[10:43:27]   [rand_uni_s1] it 158  ||Phi-P||inf=2.2878e-01  d_FR=0.29672  (2.1s)
[10:43:27]   [rand_uni_s1] it 159  ||Phi-P||inf=2.2166e-01  d_FR=0.29670  (2.1s)
[10:43:27]   [rand_uni_s1] it 160  ||Phi-P||inf=2.2620e-01  d_FR=0.29673  (2.1s)
[10:43:27]   [rand_uni_s1] it 161  ||Phi-P||inf=2.2489e-01  d_FR=0.29671  (2.1s)
[10:43:27]   [rand_uni_s1] it 162  ||Phi-P||inf=2.2230e-01  d_FR=0.29677  (2.1s)
[10:43:27]   [rand_uni_s1] it 163  ||Phi-P||inf=2.3087e-01  d_FR=0.29675  (2.1s)
[10:43:27]   [rand_uni_s1] it 164  ||Phi-P||inf=2.3146e-01  d_FR=0.29677  (2.1s)
[10:43:27]   [rand_uni_s1] it 165  ||Phi-P||inf=2.2652e-01  d_FR=0.29680  (2.1s)
[10:43:27]   [rand_uni_s1] it 166  ||Phi-P||inf=2.3104e-01  d_FR=0.29684  (2.1s)
[10:43:27]   [rand_uni_s1] it 167  ||Phi-P||inf=2.3223e-01  d_FR=0.29689  (2.1s)
[10:43:27]   [rand_uni_s1] it 168  ||Phi-P||inf=2.2683e-01  d_FR=0.29689  (2.1s)
[10:43:27]   [rand_uni_s1] it 169  ||Phi-P||inf=2.2938e-01  d_FR=0.29687  (2.1s)
[10:43:27]   [rand_uni_s1] it 170  ||Phi-P||inf=2.3294e-01  d_FR=0.29688  (2.1s)
[10:43:27]   [rand_uni_s1] it 171  ||Phi-P||inf=2.3031e-01  d_FR=0.29686  (2.1s)
[10:43:27]   [rand_uni_s1] it 172  ||Phi-P||inf=2.2466e-01  d_FR=0.29691  (2.1s)
[10:43:27]   [rand_uni_s1] it 173  ||Phi-P||inf=2.2610e-01  d_FR=0.29694  (2.1s)
[10:43:27]   [rand_uni_s1] it 174  ||Phi-P||inf=2.3384e-01  d_FR=0.29692  (2.1s)
[10:43:27]   [rand_uni_s1] it 175  ||Phi-P||inf=2.1635e-01  d_FR=0.29695  (2.1s)
[10:43:27]   [rand_uni_s1] it 176  ||Phi-P||inf=2.2653e-01  d_FR=0.29698  (2.1s)
[10:43:27]   [rand_uni_s1] it 177  ||Phi-P||inf=2.2051e-01  d_FR=0.29701  (2.1s)
[10:43:27]   [rand_uni_s1] it 178  ||Phi-P||inf=2.2752e-01  d_FR=0.29703  (2.1s)
[10:43:27]   [rand_uni_s1] it 179  ||Phi-P||inf=2.2654e-01  d_FR=0.29711  (2.1s)
[10:43:27]   [rand_uni_s1] it 180  ||Phi-P||inf=2.3075e-01  d_FR=0.29711  (2.1s)
[10:43:27]   [rand_uni_s1] it 181  ||Phi-P||inf=2.3193e-01  d_FR=0.29716  (2.1s)
[10:43:27]   [rand_uni_s1] it 182  ||Phi-P||inf=2.3387e-01  d_FR=0.29720  (2.1s)
[10:43:27]   [rand_uni_s1] it 183  ||Phi-P||inf=2.3407e-01  d_FR=0.29726  (2.1s)
[10:43:27]   [rand_uni_s1] it 184  ||Phi-P||inf=2.3654e-01  d_FR=0.29732  (2.1s)
[10:43:27]   [rand_uni_s1] it 185  ||Phi-P||inf=2.3187e-01  d_FR=0.29727  (2.1s)
[10:43:27]   [rand_uni_s1] it 186  ||Phi-P||inf=2.3361e-01  d_FR=0.29730  (2.1s)
[10:43:27]   [rand_uni_s1] it 187  ||Phi-P||inf=2.3468e-01  d_FR=0.29734  (2.1s)
[10:43:27]   [rand_uni_s1] it 188  ||Phi-P||inf=2.2009e-01  d_FR=0.29732  (2.1s)
[10:43:27]   [rand_uni_s1] it 189  ||Phi-P||inf=2.3017e-01  d_FR=0.29733  (2.1s)
[10:43:27]   [rand_uni_s1] it 190  ||Phi-P||inf=2.2089e-01  d_FR=0.29728  (2.1s)
[10:43:27]   [rand_uni_s1] it 191  ||Phi-P||inf=2.3071e-01  d_FR=0.29731  (2.1s)
[10:43:27]   [rand_uni_s1] it 192  ||Phi-P||inf=2.2736e-01  d_FR=0.29732  (2.1s)
[10:43:27]   [rand_uni_s1] it 193  ||Phi-P||inf=2.3096e-01  d_FR=0.29737  (2.1s)
[10:43:27]   [rand_uni_s1] it 194  ||Phi-P||inf=2.2980e-01  d_FR=0.29742  (2.1s)
[10:43:27]   [rand_uni_s1] it 195  ||Phi-P||inf=2.3363e-01  d_FR=0.29740  (2.1s)
[10:43:27]   [rand_uni_s1] it 196  ||Phi-P||inf=2.2829e-01  d_FR=0.29732  (2.1s)
[10:43:27]   [rand_uni_s1] it 197  ||Phi-P||inf=2.3024e-01  d_FR=0.29734  (2.1s)
[10:43:27]   [rand_uni_s1] it 198  ||Phi-P||inf=2.3384e-01  d_FR=0.29738  (2.1s)
[10:43:27]   [rand_uni_s1] it 199  ||Phi-P||inf=2.2683e-01  d_FR=0.29743  (2.1s)
[10:43:27]   [rand_uni_s1] it 200  ||Phi-P||inf=2.3149e-01  d_FR=0.29745  (2.1s)
[10:43:27] === seed 'rand_uni_s1' done: conv=False plat=False div=False iters=200 dFR_final=0.29745 phiP_final=2.3149e-01 (7.2 min) ===
[10:43:27] [1/33] CLUSTERS so far: d_FR=0.2975(1)
[10:43:33] === seed 'rand_uni_s2' (rand_uni=2.0) w=0.05 start; seed d_FR=0.50691 ===
[10:43:33]   [rand_uni_s2] it   1  ||Phi-P||inf=9.6762e-01  d_FR=0.50691  (2.3s)
[10:43:33]   [rand_uni_s2] it   2  ||Phi-P||inf=9.1161e-01  d_FR=0.49400  (2.4s)
[10:43:33]   [rand_uni_s2] it   3  ||Phi-P||inf=8.6356e-01  d_FR=0.48246  (2.4s)
[10:43:33]   [rand_uni_s2] it   4  ||Phi-P||inf=7.7367e-01  d_FR=0.47187  (2.3s)
[10:43:33]   [rand_uni_s2] it   5  ||Phi-P||inf=7.2673e-01  d_FR=0.46187  (2.3s)
[10:43:33]   [rand_uni_s2] it   6  ||Phi-P||inf=6.8661e-01  d_FR=0.45256  (2.3s)
[10:43:33]   [rand_uni_s2] it   7  ||Phi-P||inf=6.5443e-01  d_FR=0.44377  (2.4s)
[10:43:33]   [rand_uni_s2] it   8  ||Phi-P||inf=6.2737e-01  d_FR=0.43564  (2.5s)
[10:43:33]   [rand_uni_s2] it   9  ||Phi-P||inf=6.2452e-01  d_FR=0.42805  (2.3s)
[10:43:33]   [rand_uni_s2] it  10  ||Phi-P||inf=5.9529e-01  d_FR=0.42100  (2.3s)
[10:43:33]   [rand_uni_s2] it  11  ||Phi-P||inf=5.6614e-01  d_FR=0.41435  (2.3s)
[10:43:33]   [rand_uni_s2] it  12  ||Phi-P||inf=5.3821e-01  d_FR=0.40816  (2.4s)
[10:43:33]   [rand_uni_s2] it  13  ||Phi-P||inf=5.1163e-01  d_FR=0.40235  (2.5s)
[10:43:33]   [rand_uni_s2] it  14  ||Phi-P||inf=4.8633e-01  d_FR=0.39692  (2.3s)
[10:43:33]   [rand_uni_s2] it  15  ||Phi-P||inf=4.6222e-01  d_FR=0.39180  (2.3s)
[10:43:33]   [rand_uni_s2] it  16  ||Phi-P||inf=4.3941e-01  d_FR=0.38700  (2.3s)
[10:43:33]   [rand_uni_s2] it  17  ||Phi-P||inf=5.2441e-01  d_FR=0.38247  (2.3s)
[10:43:33]   [rand_uni_s2] it  18  ||Phi-P||inf=4.9392e-01  d_FR=0.37822  (2.2s)
[10:43:33]   [rand_uni_s2] it  19  ||Phi-P||inf=4.6548e-01  d_FR=0.37421  (2.3s)
[10:43:33]   [rand_uni_s2] it  20  ||Phi-P||inf=4.4591e-01  d_FR=0.37041  (2.2s)
[10:43:33]   [rand_uni_s2] it  21  ||Phi-P||inf=4.2119e-01  d_FR=0.36686  (2.3s)
[10:43:33]   [rand_uni_s2] it  22  ||Phi-P||inf=4.0384e-01  d_FR=0.36349  (2.3s)
[10:43:33]   [rand_uni_s2] it  23  ||Phi-P||inf=3.8947e-01  d_FR=0.36026  (2.2s)
[10:43:33]   [rand_uni_s2] it  24  ||Phi-P||inf=3.8131e-01  d_FR=0.35722  (2.2s)
[10:43:33]   [rand_uni_s2] it  25  ||Phi-P||inf=3.6462e-01  d_FR=0.35434  (2.2s)
[10:43:33]   [rand_uni_s2] it  26  ||Phi-P||inf=3.4706e-01  d_FR=0.35157  (2.2s)
[10:43:33]   [rand_uni_s2] it  27  ||Phi-P||inf=3.3860e-01  d_FR=0.34895  (2.2s)
[10:43:33]   [rand_uni_s2] it  28  ||Phi-P||inf=3.2201e-01  d_FR=0.34646  (2.2s)
[10:43:33]   [rand_uni_s2] it  29  ||Phi-P||inf=3.0936e-01  d_FR=0.34414  (2.5s)
[10:43:33]   [rand_uni_s2] it  30  ||Phi-P||inf=3.1771e-01  d_FR=0.34189  (2.2s)
[10:43:33]   [rand_uni_s2] it  31  ||Phi-P||inf=3.0312e-01  d_FR=0.33972  (2.2s)
[10:43:33]   [rand_uni_s2] it  32  ||Phi-P||inf=3.1036e-01  d_FR=0.33770  (2.3s)
[10:43:33]   [rand_uni_s2] it  33  ||Phi-P||inf=2.9560e-01  d_FR=0.33573  (2.2s)
[10:43:33]   [rand_uni_s2] it  34  ||Phi-P||inf=3.1358e-01  d_FR=0.33386  (2.2s)
[10:43:33]   [rand_uni_s2] it  35  ||Phi-P||inf=2.9772e-01  d_FR=0.33206  (2.2s)
[10:43:33]   [rand_uni_s2] it  36  ||Phi-P||inf=2.8731e-01  d_FR=0.33033  (2.2s)
[10:43:33]   [rand_uni_s2] it  37  ||Phi-P||inf=2.7972e-01  d_FR=0.32870  (2.2s)
[10:43:33]   [rand_uni_s2] it  38  ||Phi-P||inf=2.7227e-01  d_FR=0.32717  (2.2s)
[10:43:33]   [rand_uni_s2] it  39  ||Phi-P||inf=2.6491e-01  d_FR=0.32574  (2.2s)
[10:43:33]   [rand_uni_s2] it  40  ||Phi-P||inf=2.6815e-01  d_FR=0.32437  (2.1s)
[10:43:33]   [rand_uni_s2] it  41  ||Phi-P||inf=3.6114e-01  d_FR=0.32310  (2.2s)
[10:43:33]   [rand_uni_s2] it  42  ||Phi-P||inf=3.4485e-01  d_FR=0.32180  (2.2s)
[10:43:33]   [rand_uni_s2] it  43  ||Phi-P||inf=3.3710e-01  d_FR=0.32064  (2.1s)
[10:43:33]   [rand_uni_s2] it  44  ||Phi-P||inf=3.2025e-01  d_FR=0.31949  (2.2s)
[10:43:33]   [rand_uni_s2] it  45  ||Phi-P||inf=3.0424e-01  d_FR=0.31842  (2.2s)
[10:43:33]   [rand_uni_s2] it  46  ||Phi-P||inf=2.8903e-01  d_FR=0.31735  (2.2s)
[10:43:33]   [rand_uni_s2] it  47  ||Phi-P||inf=2.7457e-01  d_FR=0.31634  (2.1s)
[10:43:33]   [rand_uni_s2] it  48  ||Phi-P||inf=2.6085e-01  d_FR=0.31534  (2.1s)
[10:43:33]   [rand_uni_s2] it  49  ||Phi-P||inf=2.8181e-01  d_FR=0.31443  (2.1s)
[10:43:33]   [rand_uni_s2] it  50  ||Phi-P||inf=2.7954e-01  d_FR=0.31353  (2.2s)
[10:43:33]   [rand_uni_s2] it  51  ||Phi-P||inf=2.6716e-01  d_FR=0.31268  (2.1s)
[10:43:33]   [rand_uni_s2] it  52  ||Phi-P||inf=2.5439e-01  d_FR=0.31195  (2.1s)
[10:43:33]   [rand_uni_s2] it  53  ||Phi-P||inf=2.4210e-01  d_FR=0.31118  (2.3s)
[10:43:33]   [rand_uni_s2] it  54  ||Phi-P||inf=2.3032e-01  d_FR=0.31046  (2.2s)
[10:43:33]   [rand_uni_s2] it  55  ||Phi-P||inf=2.1901e-01  d_FR=0.30984  (2.2s)
[10:43:33]   [rand_uni_s2] it  56  ||Phi-P||inf=2.0823e-01  d_FR=0.30920  (2.2s)
[10:43:33]   [rand_uni_s2] it  57  ||Phi-P||inf=1.9797e-01  d_FR=0.30863  (2.2s)
[10:43:33]   [rand_uni_s2] it  58  ||Phi-P||inf=2.2452e-01  d_FR=0.30807  (2.2s)
[10:43:33]   [rand_uni_s2] it  59  ||Phi-P||inf=2.1444e-01  d_FR=0.30756  (2.2s)
[10:43:33]   [rand_uni_s2] it  60  ||Phi-P||inf=2.0441e-01  d_FR=0.30705  (2.2s)
[10:43:33]   [rand_uni_s2] it  61  ||Phi-P||inf=1.9474e-01  d_FR=0.30642  (2.2s)
[10:43:33]   [rand_uni_s2] it  62  ||Phi-P||inf=1.8949e-01  d_FR=0.30591  (2.2s)
[10:43:33]   [rand_uni_s2] it  63  ||Phi-P||inf=2.1271e-01  d_FR=0.30538  (2.4s)
[10:43:33]   [rand_uni_s2] it  64  ||Phi-P||inf=3.0365e-01  d_FR=0.30479  (2.2s)
[10:43:33]   [rand_uni_s2] it  65  ||Phi-P||inf=2.8847e-01  d_FR=0.30429  (2.1s)
[10:43:33]   [rand_uni_s2] it  66  ||Phi-P||inf=2.7404e-01  d_FR=0.30378  (2.2s)
[10:43:33]   [rand_uni_s2] it  67  ||Phi-P||inf=2.6034e-01  d_FR=0.30328  (2.1s)
[10:43:33]   [rand_uni_s2] it  68  ||Phi-P||inf=2.4732e-01  d_FR=0.30283  (2.2s)
[10:43:33]   [rand_uni_s2] it  69  ||Phi-P||inf=2.3582e-01  d_FR=0.30245  (2.2s)
[10:43:33]   [rand_uni_s2] it  70  ||Phi-P||inf=2.2691e-01  d_FR=0.30208  (2.2s)
[10:43:33]   [rand_uni_s2] it  71  ||Phi-P||inf=2.1806e-01  d_FR=0.30165  (2.4s)
[10:43:33]   [rand_uni_s2] it  72  ||Phi-P||inf=2.0999e-01  d_FR=0.30127  (2.2s)
[10:43:33]   [rand_uni_s2] it  73  ||Phi-P||inf=3.3808e-01  d_FR=0.30094  (2.1s)
[10:43:33]   [rand_uni_s2] it  74  ||Phi-P||inf=2.9789e-01  d_FR=0.30052  (2.1s)
[10:43:33]   [rand_uni_s2] it  75  ||Phi-P||inf=2.9353e-01  d_FR=0.30015  (2.1s)
[10:43:33]   [rand_uni_s2] it  76  ||Phi-P||inf=2.7682e-01  d_FR=0.29978  (2.1s)
[10:43:33]   [rand_uni_s2] it  77  ||Phi-P||inf=2.6647e-01  d_FR=0.29940  (2.1s)
[10:43:33]   [rand_uni_s2] it  78  ||Phi-P||inf=2.5630e-01  d_FR=0.29900  (2.1s)
[10:43:33]   [rand_uni_s2] it  79  ||Phi-P||inf=2.4632e-01  d_FR=0.29868  (2.1s)
[10:43:33]   [rand_uni_s2] it  80  ||Phi-P||inf=2.3657e-01  d_FR=0.29843  (2.1s)
[10:43:33]   [rand_uni_s2] it  81  ||Phi-P||inf=2.2704e-01  d_FR=0.29813  (2.1s)
[10:43:33]   [rand_uni_s2] it  82  ||Phi-P||inf=2.1776e-01  d_FR=0.29791  (2.1s)
[10:43:33]   [rand_uni_s2] it  83  ||Phi-P||inf=2.0875e-01  d_FR=0.29769  (2.1s)
[10:43:33]   [rand_uni_s2] it  84  ||Phi-P||inf=1.9999e-01  d_FR=0.29751  (2.1s)
[10:43:33]   [rand_uni_s2] it  85  ||Phi-P||inf=1.9151e-01  d_FR=0.29721  (2.1s)
[10:43:33]   [rand_uni_s2] it  86  ||Phi-P||inf=1.8330e-01  d_FR=0.29707  (2.1s)
[10:43:33]   [rand_uni_s2] it  87  ||Phi-P||inf=1.7661e-01  d_FR=0.29692  (2.1s)
[10:43:33]   [rand_uni_s2] it  88  ||Phi-P||inf=1.7023e-01  d_FR=0.29668  (2.1s)
[10:43:33]   [rand_uni_s2] it  89  ||Phi-P||inf=1.9908e-01  d_FR=0.29654  (2.2s)
[10:43:33]   [rand_uni_s2] it  90  ||Phi-P||inf=1.9467e-01  d_FR=0.29638  (2.1s)
[10:43:33]   [rand_uni_s2] it  91  ||Phi-P||inf=1.9995e-01  d_FR=0.29625  (2.1s)
[10:43:33]   [rand_uni_s2] it  92  ||Phi-P||inf=1.9488e-01  d_FR=0.29611  (2.2s)
[10:43:33]   [rand_uni_s2] it  93  ||Phi-P||inf=1.8491e-01  d_FR=0.29600  (2.1s)
[10:43:33]   [rand_uni_s2] it  94  ||Phi-P||inf=2.3641e-01  d_FR=0.29591  (2.2s)
[10:43:33]   [rand_uni_s2] it  95  ||Phi-P||inf=2.2926e-01  d_FR=0.29577  (2.1s)
[10:43:33]   [rand_uni_s2] it  96  ||Phi-P||inf=2.2174e-01  d_FR=0.29564  (2.2s)
[10:43:33]   [rand_uni_s2] it  97  ||Phi-P||inf=3.2505e-01  d_FR=0.29562  (2.1s)
[10:43:33]   [rand_uni_s2] it  98  ||Phi-P||inf=3.0826e-01  d_FR=0.29552  (2.2s)
[10:43:33]   [rand_uni_s2] it  99  ||Phi-P||inf=2.7909e-01  d_FR=0.29546  (2.1s)
[10:43:33]   [rand_uni_s2] it 100  ||Phi-P||inf=2.0739e-01  d_FR=0.29541  (2.2s)
[10:43:33]   [rand_uni_s2] it 101  ||Phi-P||inf=2.1774e-01  d_FR=0.29536  (2.1s)
[10:43:33]   [rand_uni_s2] it 102  ||Phi-P||inf=2.3420e-01  d_FR=0.29527  (2.1s)
[10:43:33]   [rand_uni_s2] it 103  ||Phi-P||inf=2.4367e-01  d_FR=0.29524  (2.1s)
[10:43:33]   [rand_uni_s2] it 104  ||Phi-P||inf=2.3738e-01  d_FR=0.29519  (2.1s)
[10:43:33]   [rand_uni_s2] it 105  ||Phi-P||inf=2.4615e-01  d_FR=0.29519  (2.1s)
[10:43:33]   [rand_uni_s2] it 106  ||Phi-P||inf=3.1188e-01  d_FR=0.29521  (2.1s)
[10:43:33]   [rand_uni_s2] it 107  ||Phi-P||inf=2.9629e-01  d_FR=0.29523  (2.1s)
[10:43:33]   [rand_uni_s2] it 108  ||Phi-P||inf=2.8148e-01  d_FR=0.29517  (2.1s)
[10:43:33]   [rand_uni_s2] it 109  ||Phi-P||inf=2.6740e-01  d_FR=0.29514  (2.1s)
[10:43:33]   [rand_uni_s2] it 110  ||Phi-P||inf=2.5403e-01  d_FR=0.29512  (2.1s)
[10:43:33]   [rand_uni_s2] it 111  ||Phi-P||inf=2.4133e-01  d_FR=0.29505  (2.1s)
[10:43:33]   [rand_uni_s2] it 112  ||Phi-P||inf=2.2926e-01  d_FR=0.29507  (2.1s)
[10:43:33]   [rand_uni_s2] it 113  ||Phi-P||inf=2.4815e-01  d_FR=0.29512  (2.1s)
[10:43:33]   [rand_uni_s2] it 114  ||Phi-P||inf=2.2159e-01  d_FR=0.29513  (2.1s)
[10:43:33]   [rand_uni_s2] it 115  ||Phi-P||inf=2.4758e-01  d_FR=0.29515  (2.1s)
[10:43:33]   [rand_uni_s2] it 116  ||Phi-P||inf=2.3791e-01  d_FR=0.29506  (2.1s)
[10:43:33]   [rand_uni_s2] it 117  ||Phi-P||inf=2.1911e-01  d_FR=0.29508  (2.1s)
[10:43:33]   [rand_uni_s2] it 118  ||Phi-P||inf=2.1419e-01  d_FR=0.29505  (2.1s)
[10:43:33]   [rand_uni_s2] it 119  ||Phi-P||inf=2.0841e-01  d_FR=0.29511  (2.1s)
[10:43:33]   [rand_uni_s2] it 120  ||Phi-P||inf=2.4660e-01  d_FR=0.29511  (2.1s)
[10:43:33]   [rand_uni_s2] it 121  ||Phi-P||inf=2.1778e-01  d_FR=0.29508  (2.1s)
[10:43:33]   [rand_uni_s2] it 122  ||Phi-P||inf=2.8528e-01  d_FR=0.29509  (2.1s)
[10:43:33]   [rand_uni_s2] it 123  ||Phi-P||inf=2.7104e-01  d_FR=0.29505  (2.3s)
[10:43:33]   [rand_uni_s2] it 124  ||Phi-P||inf=2.5751e-01  d_FR=0.29506  (2.1s)
[10:43:33]   [rand_uni_s2] it 125  ||Phi-P||inf=2.4464e-01  d_FR=0.29506  (2.1s)
[10:43:33]   [rand_uni_s2] it 126  ||Phi-P||inf=2.3241e-01  d_FR=0.29497  (2.1s)
[10:43:33]   [rand_uni_s2] it 127  ||Phi-P||inf=2.2080e-01  d_FR=0.29495  (2.1s)
[10:43:33]   [rand_uni_s2] it 128  ||Phi-P||inf=2.2130e-01  d_FR=0.29491  (2.1s)
[10:43:33]   [rand_uni_s2] it 129  ||Phi-P||inf=2.1899e-01  d_FR=0.29485  (2.1s)
[10:43:33]   [rand_uni_s2] it 130  ||Phi-P||inf=2.1573e-01  d_FR=0.29478  (2.1s)
[10:43:33]   [rand_uni_s2] it 131  ||Phi-P||inf=2.2956e-01  d_FR=0.29474  (2.1s)
[10:43:33]   [rand_uni_s2] it 132  ||Phi-P||inf=2.3904e-01  d_FR=0.29472  (2.1s)
[10:43:33]   [rand_uni_s2] it 133  ||Phi-P||inf=2.1558e-01  d_FR=0.29471  (2.1s)
[10:43:33]   [rand_uni_s2] it 134  ||Phi-P||inf=2.0217e-01  d_FR=0.29467  (2.1s)
[10:43:33]   [rand_uni_s2] it 135  ||Phi-P||inf=2.0848e-01  d_FR=0.29467  (2.2s)
[10:43:33]   [rand_uni_s2] it 136  ||Phi-P||inf=2.1967e-01  d_FR=0.29466  (2.3s)
[10:43:33]   [rand_uni_s2] it 137  ||Phi-P||inf=2.0884e-01  d_FR=0.29468  (2.3s)
[10:43:33]   [rand_uni_s2] it 138  ||Phi-P||inf=2.2927e-01  d_FR=0.29470  (2.3s)
[10:43:33]   [rand_uni_s2] it 139  ||Phi-P||inf=2.5370e-01  d_FR=0.29465  (2.3s)
[10:43:33]   [rand_uni_s2] it 140  ||Phi-P||inf=2.0104e-01  d_FR=0.29455  (2.3s)
[10:43:33]   [rand_uni_s2] it 141  ||Phi-P||inf=2.4222e-01  d_FR=0.29455  (2.3s)
[10:43:33]   [rand_uni_s2] it 142  ||Phi-P||inf=1.9761e-01  d_FR=0.29451  (2.2s)
[10:43:33]   [rand_uni_s2] it 143  ||Phi-P||inf=2.1146e-01  d_FR=0.29447  (2.3s)
[10:43:33]   [rand_uni_s2] it 144  ||Phi-P||inf=2.2343e-01  d_FR=0.29450  (2.2s)
[10:43:33]   [rand_uni_s2] it 145  ||Phi-P||inf=2.4147e-01  d_FR=0.29452  (2.1s)
[10:43:33]   [rand_uni_s2] it 146  ||Phi-P||inf=2.0347e-01  d_FR=0.29453  (2.1s)
[10:43:33]   [rand_uni_s2] it 147  ||Phi-P||inf=2.0865e-01  d_FR=0.29454  (2.2s)
[10:43:33]   [rand_uni_s2] it 148  ||Phi-P||inf=2.0462e-01  d_FR=0.29450  (2.2s)
[10:43:33]   [rand_uni_s2] it 149  ||Phi-P||inf=2.0200e-01  d_FR=0.29448  (2.2s)
[10:43:33]   [rand_uni_s2] it 150  ||Phi-P||inf=2.4738e-01  d_FR=0.29450  (2.2s)
[10:43:33]   [rand_uni_s2] it 151  ||Phi-P||inf=2.1414e-01  d_FR=0.29451  (2.3s)
[10:43:33]   [rand_uni_s2] it 152  ||Phi-P||inf=2.0985e-01  d_FR=0.29454  (2.2s)
[10:43:33]   [rand_uni_s2] it 153  ||Phi-P||inf=2.0010e-01  d_FR=0.29448  (2.2s)
[10:43:33]   [rand_uni_s2] it 154  ||Phi-P||inf=2.0058e-01  d_FR=0.29443  (2.2s)
[10:43:33]   [rand_uni_s2] it 155  ||Phi-P||inf=1.9926e-01  d_FR=0.29449  (2.2s)
[10:43:33]   [rand_uni_s2] it 156  ||Phi-P||inf=2.4962e-01  d_FR=0.29448  (2.3s)
[10:43:33]   [rand_uni_s2] it 157  ||Phi-P||inf=2.1621e-01  d_FR=0.29454  (2.3s)
[10:43:33]   [rand_uni_s2] it 158  ||Phi-P||inf=2.2663e-01  d_FR=0.29456  (2.2s)
[10:43:33]   [rand_uni_s2] it 159  ||Phi-P||inf=2.1709e-01  d_FR=0.29462  (2.3s)
[10:43:33]   [rand_uni_s2] it 160  ||Phi-P||inf=2.5000e-01  d_FR=0.29464  (2.1s)
[10:43:33]   [rand_uni_s2] it 161  ||Phi-P||inf=2.0068e-01  d_FR=0.29464  (2.0s)
[10:43:33]   [rand_uni_s2] it 162  ||Phi-P||inf=2.0243e-01  d_FR=0.29468  (2.2s)
[10:43:33]   [rand_uni_s2] it 163  ||Phi-P||inf=2.0793e-01  d_FR=0.29469  (2.3s)
[10:43:33]   [rand_uni_s2] it 164  ||Phi-P||inf=1.9924e-01  d_FR=0.29465  (2.2s)
[10:43:33]   [rand_uni_s2] it 165  ||Phi-P||inf=2.5606e-01  d_FR=0.29462  (2.3s)
[10:43:33]   [rand_uni_s2] it 166  ||Phi-P||inf=2.2379e-01  d_FR=0.29463  (2.3s)
[10:43:33]   [rand_uni_s2] it 167  ||Phi-P||inf=2.1625e-01  d_FR=0.29468  (2.2s)
[10:43:33]   [rand_uni_s2] it 168  ||Phi-P||inf=2.1213e-01  d_FR=0.29472  (2.3s)
[10:43:33]   [rand_uni_s2] it 169  ||Phi-P||inf=2.5171e-01  d_FR=0.29474  (2.3s)
[10:43:33]   [rand_uni_s2] it 170  ||Phi-P||inf=1.9463e-01  d_FR=0.29465  (2.2s)
[10:43:33]   [rand_uni_s2] it 171  ||Phi-P||inf=2.1279e-01  d_FR=0.29463  (2.1s)
[10:43:33]   [rand_uni_s2] it 172  ||Phi-P||inf=2.0770e-01  d_FR=0.29461  (2.1s)
[10:43:33]   [rand_uni_s2] it 173  ||Phi-P||inf=2.2610e-01  d_FR=0.29468  (2.1s)
[10:43:33]   [rand_uni_s2] it 174  ||Phi-P||inf=2.3147e-01  d_FR=0.29471  (2.1s)
[10:43:33]   [rand_uni_s2] it 175  ||Phi-P||inf=2.4466e-01  d_FR=0.29468  (2.1s)
[10:43:33]   [rand_uni_s2] it 176  ||Phi-P||inf=2.0117e-01  d_FR=0.29458  (2.1s)
[10:43:33]   [rand_uni_s2] it 177  ||Phi-P||inf=2.0003e-01  d_FR=0.29467  (2.1s)
[10:43:33]   [rand_uni_s2] it 178  ||Phi-P||inf=1.9786e-01  d_FR=0.29465  (2.1s)
[10:43:33]   [rand_uni_s2] it 179  ||Phi-P||inf=2.0457e-01  d_FR=0.29458  (2.1s)
[10:43:33]   [rand_uni_s2] it 180  ||Phi-P||inf=1.9816e-01  d_FR=0.29463  (2.1s)
[10:43:33]   [rand_uni_s2] it 181  ||Phi-P||inf=2.1403e-01  d_FR=0.29468  (2.1s)
[10:43:33]   [rand_uni_s2] it 182  ||Phi-P||inf=2.4862e-01  d_FR=0.29472  (2.1s)
[10:43:33]   [rand_uni_s2] it 183  ||Phi-P||inf=2.0456e-01  d_FR=0.29472  (2.1s)
[10:43:33]   [rand_uni_s2] it 184  ||Phi-P||inf=2.0458e-01  d_FR=0.29466  (2.1s)
[10:43:33]   [rand_uni_s2] it 185  ||Phi-P||inf=2.1301e-01  d_FR=0.29465  (2.1s)
[10:43:33]   [rand_uni_s2] it 186  ||Phi-P||inf=2.0747e-01  d_FR=0.29460  (2.1s)
[10:43:33]   [rand_uni_s2] it 187  ||Phi-P||inf=2.2488e-01  d_FR=0.29469  (2.1s)
[10:43:33]   [rand_uni_s2] it 188  ||Phi-P||inf=2.0613e-01  d_FR=0.29466  (2.1s)
[10:43:33]   [rand_uni_s2] it 189  ||Phi-P||inf=2.4280e-01  d_FR=0.29463  (2.1s)
[10:43:33]   [rand_uni_s2] it 190  ||Phi-P||inf=2.0140e-01  d_FR=0.29453  (2.1s)
[10:43:33]   [rand_uni_s2] it 191  ||Phi-P||inf=2.1180e-01  d_FR=0.29456  (2.1s)
[10:43:33]   [rand_uni_s2] it 192  ||Phi-P||inf=2.0449e-01  d_FR=0.29462  (2.1s)
[10:43:33]   [rand_uni_s2] it 193  ||Phi-P||inf=2.4129e-01  d_FR=0.29468  (2.1s)
[10:43:33]   [rand_uni_s2] it 194  ||Phi-P||inf=1.9826e-01  d_FR=0.29464  (2.1s)
[10:43:33]   [rand_uni_s2] it 195  ||Phi-P||inf=2.0930e-01  d_FR=0.29463  (2.1s)
[10:43:33]   [rand_uni_s2] it 196  ||Phi-P||inf=2.0396e-01  d_FR=0.29461  (2.1s)
[10:43:33]   [rand_uni_s2] it 197  ||Phi-P||inf=2.0792e-01  d_FR=0.29458  (2.1s)
[10:43:33]   [rand_uni_s2] it 198  ||Phi-P||inf=2.1329e-01  d_FR=0.29464  (2.1s)
[10:43:33]   [rand_uni_s2] it 199  ||Phi-P||inf=2.0804e-01  d_FR=0.29468  (2.1s)
[10:43:33]   [rand_uni_s2] it 200  ||Phi-P||inf=2.4483e-01  d_FR=0.29469  (2.1s)
[10:43:33] === seed 'rand_uni_s2' done: conv=False plat=False div=False iters=200 dFR_final=0.29469 phiP_final=2.4483e-01 (7.3 min) ===
[10:43:33] [2/33] CLUSTERS so far: d_FR=0.2975(1); d_FR=0.2947(1)
[10:43:33] === seed 'rand_uni_s0' (rand_uni=0.0) w=0.05 start; seed d_FR=0.51750 ===
[10:43:33]   [rand_uni_s0] it   1  ||Phi-P||inf=9.2173e-01  d_FR=0.51750  (2.4s)
[10:43:33]   [rand_uni_s0] it   2  ||Phi-P||inf=8.3003e-01  d_FR=0.50395  (2.4s)
[10:43:33]   [rand_uni_s0] it   3  ||Phi-P||inf=8.1999e-01  d_FR=0.49181  (2.4s)
[10:43:33]   [rand_uni_s0] it   4  ||Phi-P||inf=7.7784e-01  d_FR=0.48064  (2.4s)
[10:43:33]   [rand_uni_s0] it   5  ||Phi-P||inf=7.3775e-01  d_FR=0.47033  (2.4s)
[10:43:33]   [rand_uni_s0] it   6  ||Phi-P||inf=6.9977e-01  d_FR=0.46082  (2.5s)
[10:43:33]   [rand_uni_s0] it   7  ||Phi-P||inf=6.6396e-01  d_FR=0.45200  (2.4s)
[10:43:33]   [rand_uni_s0] it   8  ||Phi-P||inf=6.3963e-01  d_FR=0.44377  (2.6s)
[10:43:33]   [rand_uni_s0] it   9  ||Phi-P||inf=6.0684e-01  d_FR=0.43607  (2.4s)
[10:43:33]   [rand_uni_s0] it  10  ||Phi-P||inf=5.6913e-01  d_FR=0.42881  (2.4s)
[10:43:33]   [rand_uni_s0] it  11  ||Phi-P||inf=5.3988e-01  d_FR=0.42200  (2.4s)
[10:43:33]   [rand_uni_s0] it  12  ||Phi-P||inf=5.1244e-01  d_FR=0.41552  (2.5s)
[10:43:33]   [rand_uni_s0] it  13  ||Phi-P||inf=4.8600e-01  d_FR=0.40949  (2.4s)
[10:43:33]   [rand_uni_s0] it  14  ||Phi-P||inf=4.6074e-01  d_FR=0.40381  (2.4s)
[10:43:33]   [rand_uni_s0] it  15  ||Phi-P||inf=4.4216e-01  d_FR=0.39848  (2.4s)
[10:43:33]   [rand_uni_s0] it  16  ||Phi-P||inf=4.2720e-01  d_FR=0.39352  (2.4s)
[10:43:33]   [rand_uni_s0] it  17  ||Phi-P||inf=4.2006e-01  d_FR=0.38881  (2.5s)
[10:43:33]   [rand_uni_s0] it  18  ||Phi-P||inf=4.0194e-01  d_FR=0.38444  (2.5s)
[10:43:33]   [rand_uni_s0] it  19  ||Phi-P||inf=3.8177e-01  d_FR=0.38035  (2.5s)
[10:43:33]   [rand_uni_s0] it  20  ||Phi-P||inf=3.6307e-01  d_FR=0.37643  (2.5s)
[10:43:33]   [rand_uni_s0] it  21  ||Phi-P||inf=3.4586e-01  d_FR=0.37276  (2.5s)
[10:43:33]   [rand_uni_s0] it  22  ||Phi-P||inf=3.2583e-01  d_FR=0.36927  (2.4s)
[10:43:33]   [rand_uni_s0] it  23  ||Phi-P||inf=3.1724e-01  d_FR=0.36597  (2.5s)
[10:43:33]   [rand_uni_s0] it  24  ||Phi-P||inf=3.0182e-01  d_FR=0.36283  (2.4s)
[10:43:33]   [rand_uni_s0] it  25  ||Phi-P||inf=3.3763e-01  d_FR=0.35984  (2.5s)
[10:43:33]   [rand_uni_s0] it  26  ||Phi-P||inf=3.1965e-01  d_FR=0.35702  (2.4s)
[10:43:33]   [rand_uni_s0] it  27  ||Phi-P||inf=3.1416e-01  d_FR=0.35432  (2.6s)
[10:43:33]   [rand_uni_s0] it  28  ||Phi-P||inf=3.0376e-01  d_FR=0.35172  (2.4s)
[10:43:33]   [rand_uni_s0] it  29  ||Phi-P||inf=2.8675e-01  d_FR=0.34929  (2.4s)
[10:43:33]   [rand_uni_s0] it  30  ||Phi-P||inf=2.7657e-01  d_FR=0.34700  (2.4s)
[10:43:33]   [rand_uni_s0] it  31  ||Phi-P||inf=2.6699e-01  d_FR=0.34479  (2.4s)
[10:43:33]   [rand_uni_s0] it  32  ||Phi-P||inf=2.5804e-01  d_FR=0.34272  (2.4s)
[10:43:33]   [rand_uni_s0] it  33  ||Phi-P||inf=2.5609e-01  d_FR=0.34072  (2.4s)
[10:43:33]   [rand_uni_s0] it  34  ||Phi-P||inf=2.5062e-01  d_FR=0.33879  (2.4s)
[10:43:33]   [rand_uni_s0] it  35  ||Phi-P||inf=2.7065e-01  d_FR=0.33695  (2.4s)
[10:43:33]   [rand_uni_s0] it  36  ||Phi-P||inf=2.6230e-01  d_FR=0.33516  (2.3s)
[10:43:33]   [rand_uni_s0] it  37  ||Phi-P||inf=2.5562e-01  d_FR=0.33350  (2.4s)
[10:43:33]   [rand_uni_s0] it  38  ||Phi-P||inf=3.0597e-01  d_FR=0.33191  (2.4s)
[10:43:33]   [rand_uni_s0] it  39  ||Phi-P||inf=2.9088e-01  d_FR=0.33037  (2.4s)
[10:43:33]   [rand_uni_s0] it  40  ||Phi-P||inf=2.8173e-01  d_FR=0.32893  (2.3s)
[10:43:33]   [rand_uni_s0] it  41  ||Phi-P||inf=2.7286e-01  d_FR=0.32755  (2.4s)
[10:43:33]   [rand_uni_s0] it  42  ||Phi-P||inf=3.6495e-01  d_FR=0.32625  (2.4s)
[10:43:33]   [rand_uni_s0] it  43  ||Phi-P||inf=3.4670e-01  d_FR=0.32494  (2.3s)
[10:43:33]   [rand_uni_s0] it  44  ||Phi-P||inf=3.2935e-01  d_FR=0.32366  (2.2s)
[10:43:33]   [rand_uni_s0] it  45  ||Phi-P||inf=2.7762e-01  d_FR=0.32239  (2.3s)
[10:43:33]   [rand_uni_s0] it  46  ||Phi-P||inf=3.6514e-01  d_FR=0.32119  (2.3s)
[10:43:33]   [rand_uni_s0] it  47  ||Phi-P||inf=3.4688e-01  d_FR=0.32006  (2.3s)
[10:43:33]   [rand_uni_s0] it  48  ||Phi-P||inf=3.2953e-01  d_FR=0.31896  (2.3s)
[10:43:33]   [rand_uni_s0] it  49  ||Phi-P||inf=2.7780e-01  d_FR=0.31788  (2.4s)
[10:43:33]   [rand_uni_s0] it  50  ||Phi-P||inf=2.5840e-01  d_FR=0.31684  (2.4s)
[10:43:33]   [rand_uni_s0] it  51  ||Phi-P||inf=2.4590e-01  d_FR=0.31585  (2.3s)
[10:43:33]   [rand_uni_s0] it  52  ||Phi-P||inf=3.0796e-01  d_FR=0.31493  (2.2s)
[10:43:33]   [rand_uni_s0] it  53  ||Phi-P||inf=3.0205e-01  d_FR=0.31401  (2.3s)
[10:43:33]   [rand_uni_s0] it  54  ||Phi-P||inf=2.8798e-01  d_FR=0.31317  (2.2s)
[10:43:33]   [rand_uni_s0] it  55  ||Phi-P||inf=2.7442e-01  d_FR=0.31238  (2.1s)
[10:43:33]   [rand_uni_s0] it  56  ||Phi-P||inf=2.6505e-01  d_FR=0.31162  (2.2s)
[10:43:33]   [rand_uni_s0] it  57  ||Phi-P||inf=2.5216e-01  d_FR=0.31092  (2.1s)
[10:43:33]   [rand_uni_s0] it  58  ||Phi-P||inf=2.3988e-01  d_FR=0.31027  (2.2s)
[10:43:33]   [rand_uni_s0] it  59  ||Phi-P||inf=2.2819e-01  d_FR=0.30962  (2.4s)
[10:43:33]   [rand_uni_s0] it  60  ||Phi-P||inf=2.4548e-01  d_FR=0.30902  (2.2s)
[10:43:33]   [rand_uni_s0] it  61  ||Phi-P||inf=2.3336e-01  d_FR=0.30845  (2.3s)
[10:43:33]   [rand_uni_s0] it  62  ||Phi-P||inf=2.2250e-01  d_FR=0.30788  (2.2s)
[10:43:33]   [rand_uni_s0] it  63  ||Phi-P||inf=2.4758e-01  d_FR=0.30738  (2.1s)
[10:43:33]   [rand_uni_s0] it  64  ||Phi-P||inf=2.3955e-01  d_FR=0.30693  (2.2s)
[10:43:33]   [rand_uni_s0] it  65  ||Phi-P||inf=2.4793e-01  d_FR=0.30650  (2.2s)
[10:43:33]   [rand_uni_s0] it  66  ||Phi-P||inf=2.4745e-01  d_FR=0.30612  (2.1s)
[10:43:33]   [rand_uni_s0] it  67  ||Phi-P||inf=2.4372e-01  d_FR=0.30577  (2.1s)
[10:43:33]   [rand_uni_s0] it  68  ||Phi-P||inf=2.3135e-01  d_FR=0.30543  (2.4s)
[10:43:33]   [rand_uni_s0] it  69  ||Phi-P||inf=2.1983e-01  d_FR=0.30512  (2.2s)
[10:43:33]   [rand_uni_s0] it  70  ||Phi-P||inf=2.0901e-01  d_FR=0.30484  (2.1s)
[10:43:33]   [rand_uni_s0] it  71  ||Phi-P||inf=2.2505e-01  d_FR=0.30457  (2.1s)
[10:43:33]   [rand_uni_s0] it  72  ||Phi-P||inf=2.1563e-01  d_FR=0.30434  (2.2s)
[10:43:33]   [rand_uni_s0] it  73  ||Phi-P||inf=2.0534e-01  d_FR=0.30415  (2.1s)
[10:43:33]   [rand_uni_s0] it  74  ||Phi-P||inf=1.9549e-01  d_FR=0.30395  (2.1s)
[10:43:33]   [rand_uni_s0] it  75  ||Phi-P||inf=1.8612e-01  d_FR=0.30380  (2.1s)
[10:43:33]   [rand_uni_s0] it  76  ||Phi-P||inf=1.7721e-01  d_FR=0.30366  (2.1s)
[10:43:33]   [rand_uni_s0] it  77  ||Phi-P||inf=1.6868e-01  d_FR=0.30351  (2.1s)
[10:43:33]   [rand_uni_s0] it  78  ||Phi-P||inf=1.6067e-01  d_FR=0.30341  (2.2s)
[10:43:33]   [rand_uni_s0] it  79  ||Phi-P||inf=1.5498e-01  d_FR=0.30332  (2.1s)
[10:43:33]   [rand_uni_s0] it  80  ||Phi-P||inf=1.4961e-01  d_FR=0.30320  (2.1s)
[10:43:33]   [rand_uni_s0] it  81  ||Phi-P||inf=1.7563e-01  d_FR=0.30313  (2.1s)
[10:43:33]   [rand_uni_s0] it  82  ||Phi-P||inf=1.7210e-01  d_FR=0.30307  (2.1s)
[10:43:33]   [rand_uni_s0] it  83  ||Phi-P||inf=1.6821e-01  d_FR=0.30300  (2.1s)
[10:43:33]   [rand_uni_s0] it  84  ||Phi-P||inf=1.6407e-01  d_FR=0.30291  (2.1s)
[10:43:33]   [rand_uni_s0] it  85  ||Phi-P||inf=1.5761e-01  d_FR=0.30286  (2.1s)
[10:43:33]   [rand_uni_s0] it  86  ||Phi-P||inf=1.5346e-01  d_FR=0.30279  (2.1s)
[10:43:33]   [rand_uni_s0] it  87  ||Phi-P||inf=1.4913e-01  d_FR=0.30274  (2.1s)
[10:43:33]   [rand_uni_s0] it  88  ||Phi-P||inf=1.4467e-01  d_FR=0.30272  (2.1s)
[10:43:33]   [rand_uni_s0] it  89  ||Phi-P||inf=1.4011e-01  d_FR=0.30266  (2.1s)
[10:43:33]   [rand_uni_s0] it  90  ||Phi-P||inf=1.3550e-01  d_FR=0.30261  (2.1s)
[10:43:33]   [rand_uni_s0] it  91  ||Phi-P||inf=1.3087e-01  d_FR=0.30258  (2.1s)
[10:43:33]   [rand_uni_s0] it  92  ||Phi-P||inf=1.2624e-01  d_FR=0.30255  (2.1s)
[10:43:33]   [rand_uni_s0] it  93  ||Phi-P||inf=1.2166e-01  d_FR=0.30254  (2.1s)
[10:43:33]   [rand_uni_s0] it  94  ||Phi-P||inf=1.1891e-01  d_FR=0.30251  (2.1s)
[10:43:33]   [rand_uni_s0] it  95  ||Phi-P||inf=1.1429e-01  d_FR=0.30250  (2.1s)
[10:43:33]   [rand_uni_s0] it  96  ||Phi-P||inf=1.0979e-01  d_FR=0.30252  (2.1s)
[10:43:33]   [rand_uni_s0] it  97  ||Phi-P||inf=1.3330e-01  d_FR=0.30252  (2.1s)
[10:43:33]   [rand_uni_s0] it  98  ||Phi-P||inf=1.3929e-01  d_FR=0.30250  (2.1s)
[10:43:33]   [rand_uni_s0] it  99  ||Phi-P||inf=1.4629e-01  d_FR=0.30253  (2.1s)
[10:43:33]   [rand_uni_s0] it 100  ||Phi-P||inf=1.3976e-01  d_FR=0.30254  (2.1s)
[10:43:33]   [rand_uni_s0] it 101  ||Phi-P||inf=1.3307e-01  d_FR=0.30254  (2.1s)
[10:43:33]   [rand_uni_s0] it 102  ||Phi-P||inf=1.2692e-01  d_FR=0.30257  (2.1s)
[10:43:33]   [rand_uni_s0] it 103  ||Phi-P||inf=1.2112e-01  d_FR=0.30261  (2.1s)
[10:43:33]   [rand_uni_s0] it 104  ||Phi-P||inf=1.5516e-01  d_FR=0.30262  (2.1s)
[10:43:33]   [rand_uni_s0] it 105  ||Phi-P||inf=1.4741e-01  d_FR=0.30263  (2.1s)
[10:43:33]   [rand_uni_s0] it 106  ||Phi-P||inf=1.4002e-01  d_FR=0.30266  (2.1s)
[10:43:33]   [rand_uni_s0] it 107  ||Phi-P||inf=1.3433e-01  d_FR=0.30266  (2.1s)
[10:43:33]   [rand_uni_s0] it 108  ||Phi-P||inf=1.3217e-01  d_FR=0.30269  (2.1s)
[10:43:33]   [rand_uni_s0] it 109  ||Phi-P||inf=1.3367e-01  d_FR=0.30270  (2.1s)
[10:43:33]   [rand_uni_s0] it 110  ||Phi-P||inf=1.3097e-01  d_FR=0.30270  (2.1s)
[10:43:33]   [rand_uni_s0] it 111  ||Phi-P||inf=1.2762e-01  d_FR=0.30272  (2.1s)
[10:43:33]   [rand_uni_s0] it 112  ||Phi-P||inf=1.3526e-01  d_FR=0.30272  (2.1s)
[10:43:33]   [rand_uni_s0] it 113  ||Phi-P||inf=1.1963e-01  d_FR=0.30273  (2.1s)
[10:43:33]   [rand_uni_s0] it 114  ||Phi-P||inf=1.2023e-01  d_FR=0.30275  (2.1s)
[10:43:33]   [rand_uni_s0] it 115  ||Phi-P||inf=1.4945e-01  d_FR=0.30276  (2.1s)
[10:43:33]   [rand_uni_s0] it 116  ||Phi-P||inf=1.7979e-01  d_FR=0.30273  (2.1s)
[10:43:33]   [rand_uni_s0] it 117  ||Phi-P||inf=1.8003e-01  d_FR=0.30274  (2.1s)
[10:43:33]   [rand_uni_s0] it 118  ||Phi-P||inf=1.7919e-01  d_FR=0.30274  (2.1s)
[10:43:33]   [rand_uni_s0] it 119  ||Phi-P||inf=1.7713e-01  d_FR=0.30271  (2.1s)
[10:43:33]   [rand_uni_s0] it 120  ||Phi-P||inf=1.7382e-01  d_FR=0.30270  (2.1s)
[10:43:33]   [rand_uni_s0] it 121  ||Phi-P||inf=1.6935e-01  d_FR=0.30267  (2.1s)
[10:43:33]   [rand_uni_s0] it 122  ||Phi-P||inf=1.6397e-01  d_FR=0.30263  (2.1s)
[10:43:33]   [rand_uni_s0] it 123  ||Phi-P||inf=1.5801e-01  d_FR=0.30262  (2.1s)
[10:43:33]   [rand_uni_s0] it 124  ||Phi-P||inf=1.5179e-01  d_FR=0.30261  (2.1s)
[10:43:33]   [rand_uni_s0] it 125  ||Phi-P||inf=1.4555e-01  d_FR=0.30257  (2.1s)
[10:43:33]   [rand_uni_s0] it 126  ||Phi-P||inf=1.3941e-01  d_FR=0.30255  (2.1s)
[10:43:33]   [rand_uni_s0] it 127  ||Phi-P||inf=1.3352e-01  d_FR=0.30254  (2.1s)
[10:43:33]   [rand_uni_s0] it 128  ||Phi-P||inf=1.2786e-01  d_FR=0.30250  (2.1s)
[10:43:33]   [rand_uni_s0] it 129  ||Phi-P||inf=1.2654e-01  d_FR=0.30250  (2.1s)
[10:43:33]   [rand_uni_s0] it 130  ||Phi-P||inf=1.2715e-01  d_FR=0.30250  (2.1s)
[10:43:33]   [rand_uni_s0] it 131  ||Phi-P||inf=1.2770e-01  d_FR=0.30245  (2.1s)
[10:43:33]   [rand_uni_s0] it 132  ||Phi-P||inf=1.5016e-01  d_FR=0.30246  (2.1s)
[10:43:33]   [rand_uni_s0] it 133  ||Phi-P||inf=1.4980e-01  d_FR=0.30245  (2.1s)
[10:43:33]   [rand_uni_s0] it 134  ||Phi-P||inf=1.4921e-01  d_FR=0.30244  (2.1s)
[10:43:33]   [rand_uni_s0] it 135  ||Phi-P||inf=1.5042e-01  d_FR=0.30244  (2.1s)
[10:43:33]   [rand_uni_s0] it 136  ||Phi-P||inf=1.5018e-01  d_FR=0.30246  (2.1s)
[10:43:33]   [rand_uni_s0] it 137  ||Phi-P||inf=1.4975e-01  d_FR=0.30247  (2.1s)
[10:43:33]   [rand_uni_s0] it 138  ||Phi-P||inf=1.4910e-01  d_FR=0.30251  (2.1s)
[10:43:33]   [rand_uni_s0] it 139  ||Phi-P||inf=1.4819e-01  d_FR=0.30252  (2.1s)
[10:43:33]   [rand_uni_s0] it 140  ||Phi-P||inf=1.4698e-01  d_FR=0.30252  (2.1s)
[10:43:33]   [rand_uni_s0] it 141  ||Phi-P||inf=1.4542e-01  d_FR=0.30255  (2.1s)
[10:43:33]   [rand_uni_s0] it 142  ||Phi-P||inf=1.4349e-01  d_FR=0.30258  (2.1s)
[10:43:33]   [rand_uni_s0] it 143  ||Phi-P||inf=1.4116e-01  d_FR=0.30259  (2.1s)
[10:43:33]   [rand_uni_s0] it 144  ||Phi-P||inf=1.3820e-01  d_FR=0.30261  (2.1s)
[10:43:33]   [rand_uni_s0] it 145  ||Phi-P||inf=1.3489e-01  d_FR=0.30262  (2.1s)
[10:43:33]   [rand_uni_s0] it 146  ||Phi-P||inf=1.3127e-01  d_FR=0.30263  (2.1s)
[10:43:33]   [rand_uni_s0] it 147  ||Phi-P||inf=1.5539e-01  d_FR=0.30263  (2.1s)
[10:43:33]   [rand_uni_s0] it 148  ||Phi-P||inf=1.4761e-01  d_FR=0.30264  (2.1s)
[10:43:33]   [rand_uni_s0] it 149  ||Phi-P||inf=1.4114e-01  d_FR=0.30264  (2.1s)
[10:43:33]   [rand_uni_s0] it 150  ||Phi-P||inf=1.3503e-01  d_FR=0.30267  (2.1s)
[10:43:33]   [rand_uni_s0] it 151  ||Phi-P||inf=1.2923e-01  d_FR=0.30267  (2.1s)
[10:43:33]   [rand_uni_s0] it 152  ||Phi-P||inf=1.2489e-01  d_FR=0.30268  (2.1s)
[10:43:33]   [rand_uni_s0] it 153  ||Phi-P||inf=1.2457e-01  d_FR=0.30269  (2.1s)
[10:43:33]   [rand_uni_s0] it 154  ||Phi-P||inf=1.2420e-01  d_FR=0.30269  (2.1s)
[10:43:33]   [rand_uni_s0] it 155  ||Phi-P||inf=1.2368e-01  d_FR=0.30272  (2.1s)
[10:43:33]   [rand_uni_s0] it 156  ||Phi-P||inf=1.2310e-01  d_FR=0.30273  (2.1s)
[10:43:33]   [rand_uni_s0] it 157  ||Phi-P||inf=1.2235e-01  d_FR=0.30275  (2.1s)
[10:43:33]   [rand_uni_s0] it 158  ||Phi-P||inf=1.2336e-01  d_FR=0.30278  (2.2s)
[10:43:33]   [rand_uni_s0] it 159  ||Phi-P||inf=1.2429e-01  d_FR=0.30281  (2.1s)
[10:43:33]   [rand_uni_s0] it 160  ||Phi-P||inf=1.2454e-01  d_FR=0.30282  (2.1s)
[10:43:33]   [rand_uni_s0] it 161  ||Phi-P||inf=1.9191e-01  d_FR=0.30284  (2.1s)
[10:43:33]   [rand_uni_s0] it 162  ||Phi-P||inf=2.4473e-01  d_FR=0.30285  (2.1s)
[10:43:33]   [rand_uni_s0] it 163  ||Phi-P||inf=2.3270e-01  d_FR=0.30283  (2.1s)
[10:43:33]   [rand_uni_s0] it 164  ||Phi-P||inf=2.2108e-01  d_FR=0.30283  (2.1s)
[10:43:33]   [rand_uni_s0] it 165  ||Phi-P||inf=2.1006e-01  d_FR=0.30282  (2.1s)
[10:43:33]   [rand_uni_s0] it 166  ||Phi-P||inf=1.9962e-01  d_FR=0.30281  (2.1s)
[10:43:33]   [rand_uni_s0] it 167  ||Phi-P||inf=1.8988e-01  d_FR=0.30281  (2.1s)
[10:43:33]   [rand_uni_s0] it 168  ||Phi-P||inf=1.8048e-01  d_FR=0.30280  (2.1s)
[10:43:33]   [rand_uni_s0] it 169  ||Phi-P||inf=1.7157e-01  d_FR=0.30281  (2.1s)
[10:43:33]   [rand_uni_s0] it 170  ||Phi-P||inf=1.6311e-01  d_FR=0.30284  (2.1s)
[10:43:33]   [rand_uni_s0] it 171  ||Phi-P||inf=1.5495e-01  d_FR=0.30285  (2.1s)
[10:43:33]   [rand_uni_s0] it 172  ||Phi-P||inf=1.4730e-01  d_FR=0.30284  (2.1s)
[10:43:33]   [rand_uni_s0] it 173  ||Phi-P||inf=1.4004e-01  d_FR=0.30286  (2.1s)
[10:43:33]   [rand_uni_s0] it 174  ||Phi-P||inf=1.3317e-01  d_FR=0.30288  (2.1s)
[10:43:33]   [rand_uni_s0] it 175  ||Phi-P||inf=1.2663e-01  d_FR=0.30286  (2.1s)
[10:43:33]   [rand_uni_s0] it 176  ||Phi-P||inf=1.2042e-01  d_FR=0.30288  (2.1s)
[10:43:33]   [rand_uni_s0] it 177  ||Phi-P||inf=1.1451e-01  d_FR=0.30289  (2.1s)
[10:43:33]   [rand_uni_s0] it 178  ||Phi-P||inf=1.6578e-01  d_FR=0.30290  (2.0s)
[10:43:33]   [rand_uni_s0] it 179  ||Phi-P||inf=1.9193e-01  d_FR=0.30291  (2.1s)
[10:43:33]   [rand_uni_s0] it 180  ||Phi-P||inf=1.8248e-01  d_FR=0.30291  (2.1s)
[10:43:33]   [rand_uni_s0] it 181  ||Phi-P||inf=1.7492e-01  d_FR=0.30292  (2.1s)
[10:43:33]   [rand_uni_s0] it 182  ||Phi-P||inf=1.6768e-01  d_FR=0.30294  (2.1s)
[10:43:33]   [rand_uni_s0] it 183  ||Phi-P||inf=1.6072e-01  d_FR=0.30296  (2.1s)
[10:43:33]   [rand_uni_s0] it 184  ||Phi-P||inf=1.5402e-01  d_FR=0.30297  (2.1s)
[10:43:33]   [rand_uni_s0] it 185  ||Phi-P||inf=1.4641e-01  d_FR=0.30299  (2.1s)
[10:43:33]   [rand_uni_s0] it 186  ||Phi-P||inf=1.4002e-01  d_FR=0.30301  (2.1s)
[10:43:33]   [rand_uni_s0] it 187  ||Phi-P||inf=1.3387e-01  d_FR=0.30303  (2.0s)
[10:43:33]   [rand_uni_s0] it 188  ||Phi-P||inf=1.2801e-01  d_FR=0.30305  (2.0s)
[10:43:33]   [rand_uni_s0] it 189  ||Phi-P||inf=1.2237e-01  d_FR=0.30307  (2.0s)
[10:43:33]   [rand_uni_s0] it 190  ||Phi-P||inf=1.1695e-01  d_FR=0.30307  (2.0s)
[10:43:33]   [rand_uni_s0] it 191  ||Phi-P||inf=1.1179e-01  d_FR=0.30307  (2.0s)
[10:43:33]   [rand_uni_s0] it 192  ||Phi-P||inf=1.0683e-01  d_FR=0.30310  (2.1s)
[10:43:33]   [rand_uni_s0] it 193  ||Phi-P||inf=1.0209e-01  d_FR=0.30311  (2.1s)
[10:43:33]   [rand_uni_s0] it 194  ||Phi-P||inf=9.7535e-02  d_FR=0.30314  (2.1s)
[10:43:33]   [rand_uni_s0] it 195  ||Phi-P||inf=1.0569e-01  d_FR=0.30315  (2.1s)
[10:43:33]   [rand_uni_s0] it 196  ||Phi-P||inf=8.9028e-02  d_FR=0.30317  (2.1s)
[10:43:33]   [rand_uni_s0] it 197  ||Phi-P||inf=8.5066e-02  d_FR=0.30317  (2.1s)
[10:43:33]   [rand_uni_s0] it 198  ||Phi-P||inf=1.0575e-01  d_FR=0.30321  (2.1s)
[10:43:33]   [rand_uni_s0] it 199  ||Phi-P||inf=7.7739e-02  d_FR=0.30319  (2.1s)
[10:43:33]   [rand_uni_s0] it 200  ||Phi-P||inf=7.6148e-02  d_FR=0.30321  (2.1s)
[10:43:33] === seed 'rand_uni_s0' done: conv=False plat=False div=False iters=200 dFR_final=0.30321 phiP_final=7.6148e-02 (7.3 min) ===
[10:43:33] [3/33] CLUSTERS so far: d_FR=0.2975(1); d_FR=0.2947(1); d_FR=0.3032(1)
[10:43:38] === seed 'rand_uni_s3' (rand_uni=3.0) w=0.05 start; seed d_FR=0.51510 ===
[10:43:38]   [rand_uni_s3] it   1  ||Phi-P||inf=9.3488e-01  d_FR=0.51510  (2.4s)
[10:43:38]   [rand_uni_s3] it   2  ||Phi-P||inf=8.4374e-01  d_FR=0.50229  (2.6s)
[10:43:38]   [rand_uni_s3] it   3  ||Phi-P||inf=7.6819e-01  d_FR=0.49080  (2.6s)
[10:43:38]   [rand_uni_s3] it   4  ||Phi-P||inf=7.0465e-01  d_FR=0.48011  (2.6s)
[10:43:38]   [rand_uni_s3] it   5  ||Phi-P||inf=6.4963e-01  d_FR=0.47014  (2.6s)
[10:43:38]   [rand_uni_s3] it   6  ||Phi-P||inf=6.1496e-01  d_FR=0.46091  (2.6s)
[10:43:38]   [rand_uni_s3] it   7  ||Phi-P||inf=5.8195e-01  d_FR=0.45231  (2.6s)
[10:43:38]   [rand_uni_s3] it   8  ||Phi-P||inf=5.5549e-01  d_FR=0.44431  (2.5s)
[10:43:38]   [rand_uni_s3] it   9  ||Phi-P||inf=5.2802e-01  d_FR=0.43681  (2.6s)
[10:43:38]   [rand_uni_s3] it  10  ||Phi-P||inf=5.0156e-01  d_FR=0.42981  (2.6s)
[10:43:38]   [rand_uni_s3] it  11  ||Phi-P||inf=5.5209e-01  d_FR=0.42331  (2.6s)
[10:43:38]   [rand_uni_s3] it  12  ||Phi-P||inf=4.5367e-01  d_FR=0.41726  (2.7s)
[10:43:38]   [rand_uni_s3] it  13  ||Phi-P||inf=4.3081e-01  d_FR=0.41155  (2.6s)
[10:43:38]   [rand_uni_s3] it  14  ||Phi-P||inf=4.1144e-01  d_FR=0.40619  (2.5s)
[10:43:38]   [rand_uni_s3] it  15  ||Phi-P||inf=4.2409e-01  d_FR=0.40115  (2.6s)
[10:43:38]   [rand_uni_s3] it  16  ||Phi-P||inf=4.1530e-01  d_FR=0.39635  (2.4s)
[10:43:38]   [rand_uni_s3] it  17  ||Phi-P||inf=3.9556e-01  d_FR=0.39182  (2.3s)
[10:43:38]   [rand_uni_s3] it  18  ||Phi-P||inf=4.2994e-01  d_FR=0.38755  (2.4s)
[10:43:38]   [rand_uni_s3] it  19  ||Phi-P||inf=4.1137e-01  d_FR=0.38348  (2.3s)
[10:43:38]   [rand_uni_s3] it  20  ||Phi-P||inf=4.0932e-01  d_FR=0.37966  (2.3s)
[10:43:38]   [rand_uni_s3] it  21  ||Phi-P||inf=4.0397e-01  d_FR=0.37605  (2.3s)
[10:43:38]   [rand_uni_s3] it  22  ||Phi-P||inf=4.0000e-01  d_FR=0.37264  (2.3s)
[10:43:38]   [rand_uni_s3] it  23  ||Phi-P||inf=4.1023e-01  d_FR=0.36941  (2.3s)
[10:43:38]   [rand_uni_s3] it  24  ||Phi-P||inf=3.8454e-01  d_FR=0.36632  (2.3s)
[10:43:38]   [rand_uni_s3] it  25  ||Phi-P||inf=4.3750e-01  d_FR=0.36334  (2.4s)
[10:43:38]   [rand_uni_s3] it  26  ||Phi-P||inf=4.7545e-01  d_FR=0.36048  (2.3s)
[10:43:38]   [rand_uni_s3] it  27  ||Phi-P||inf=4.6533e-01  d_FR=0.35777  (2.6s)
[10:43:38]   [rand_uni_s3] it  28  ||Phi-P||inf=4.3967e-01  d_FR=0.35521  (2.3s)
[10:43:38]   [rand_uni_s3] it  29  ||Phi-P||inf=4.1533e-01  d_FR=0.35273  (2.3s)
[10:43:38]   [rand_uni_s3] it  30  ||Phi-P||inf=3.9077e-01  d_FR=0.35035  (2.3s)
[10:43:38]   [rand_uni_s3] it  31  ||Phi-P||inf=4.0457e-01  d_FR=0.34807  (2.2s)
[10:43:38]   [rand_uni_s3] it  32  ||Phi-P||inf=3.8769e-01  d_FR=0.34591  (2.3s)
[10:43:38]   [rand_uni_s3] it  33  ||Phi-P||inf=3.8758e-01  d_FR=0.34384  (2.2s)
[10:43:38]   [rand_uni_s3] it  34  ||Phi-P||inf=3.7042e-01  d_FR=0.34187  (2.2s)
[10:43:38]   [rand_uni_s3] it  35  ||Phi-P||inf=3.5266e-01  d_FR=0.34001  (2.3s)
[10:43:38]   [rand_uni_s3] it  36  ||Phi-P||inf=3.3502e-01  d_FR=0.33819  (2.3s)
[10:43:38]   [rand_uni_s3] it  37  ||Phi-P||inf=3.1546e-01  d_FR=0.33650  (2.2s)
[10:43:38]   [rand_uni_s3] it  38  ||Phi-P||inf=3.6977e-01  d_FR=0.33484  (2.2s)
[10:43:38]   [rand_uni_s3] it  39  ||Phi-P||inf=3.5804e-01  d_FR=0.33317  (2.3s)
[10:43:38]   [rand_uni_s3] it  40  ||Phi-P||inf=3.3989e-01  d_FR=0.33163  (2.2s)
[10:43:38]   [rand_uni_s3] it  41  ||Phi-P||inf=3.2280e-01  d_FR=0.33009  (2.2s)
[10:43:38]   [rand_uni_s3] it  42  ||Phi-P||inf=3.2716e-01  d_FR=0.32871  (2.3s)
[10:43:38]   [rand_uni_s3] it  43  ||Phi-P||inf=3.1081e-01  d_FR=0.32732  (2.2s)
[10:43:38]   [rand_uni_s3] it  44  ||Phi-P||inf=2.9512e-01  d_FR=0.32598  (2.2s)
[10:43:38]   [rand_uni_s3] it  45  ||Phi-P||inf=2.8075e-01  d_FR=0.32470  (2.3s)
[10:43:38]   [rand_uni_s3] it  46  ||Phi-P||inf=2.8979e-01  d_FR=0.32347  (2.2s)
[10:43:38]   [rand_uni_s3] it  47  ||Phi-P||inf=2.7638e-01  d_FR=0.32226  (2.3s)
[10:43:38]   [rand_uni_s3] it  48  ||Phi-P||inf=2.6691e-01  d_FR=0.32116  (2.1s)
[10:43:38]   [rand_uni_s3] it  49  ||Phi-P||inf=2.4153e-01  d_FR=0.32010  (2.1s)
[10:43:38]   [rand_uni_s3] it  50  ||Phi-P||inf=2.7860e-01  d_FR=0.31910  (2.2s)
[10:43:38]   [rand_uni_s3] it  51  ||Phi-P||inf=3.0959e-01  d_FR=0.31813  (2.4s)
[10:43:38]   [rand_uni_s3] it  52  ||Phi-P||inf=2.9307e-01  d_FR=0.31716  (2.2s)
[10:43:38]   [rand_uni_s3] it  53  ||Phi-P||inf=3.5401e-01  d_FR=0.31621  (2.2s)
[10:43:38]   [rand_uni_s3] it  54  ||Phi-P||inf=3.3630e-01  d_FR=0.31522  (2.2s)
[10:43:38]   [rand_uni_s3] it  55  ||Phi-P||inf=3.8009e-01  d_FR=0.31424  (2.1s)
[10:43:38]   [rand_uni_s3] it  56  ||Phi-P||inf=3.6095e-01  d_FR=0.31334  (2.1s)
[10:43:38]   [rand_uni_s3] it  57  ||Phi-P||inf=4.8444e-01  d_FR=0.31246  (2.1s)
[10:43:38]   [rand_uni_s3] it  58  ||Phi-P||inf=4.6438e-01  d_FR=0.31162  (2.2s)
[10:43:38]   [rand_uni_s3] it  59  ||Phi-P||inf=4.4474e-01  d_FR=0.31080  (2.2s)
[10:43:38]   [rand_uni_s3] it  60  ||Phi-P||inf=4.2629e-01  d_FR=0.31003  (2.4s)
[10:43:38]   [rand_uni_s3] it  61  ||Phi-P||inf=4.0858e-01  d_FR=0.30931  (2.1s)
[10:43:38]   [rand_uni_s3] it  62  ||Phi-P||inf=3.9167e-01  d_FR=0.30858  (2.2s)
[10:43:38]   [rand_uni_s3] it  63  ||Phi-P||inf=3.7825e-01  d_FR=0.30791  (2.2s)
[10:43:38]   [rand_uni_s3] it  64  ||Phi-P||inf=3.6246e-01  d_FR=0.30728  (2.1s)
[10:43:38]   [rand_uni_s3] it  65  ||Phi-P||inf=3.4746e-01  d_FR=0.30662  (2.1s)
[10:43:38]   [rand_uni_s3] it  66  ||Phi-P||inf=3.3303e-01  d_FR=0.30602  (2.2s)
[10:43:38]   [rand_uni_s3] it  67  ||Phi-P||inf=3.1923e-01  d_FR=0.30548  (2.2s)
[10:43:38]   [rand_uni_s3] it  68  ||Phi-P||inf=3.1387e-01  d_FR=0.30495  (2.1s)
[10:43:38]   [rand_uni_s3] it  69  ||Phi-P||inf=3.0457e-01  d_FR=0.30442  (2.4s)
[10:43:38]   [rand_uni_s3] it  70  ||Phi-P||inf=3.0406e-01  d_FR=0.30391  (2.4s)
[10:43:38]   [rand_uni_s3] it  71  ||Phi-P||inf=2.9587e-01  d_FR=0.30341  (2.2s)
[10:43:38]   [rand_uni_s3] it  72  ||Phi-P||inf=2.9335e-01  d_FR=0.30294  (2.2s)
[10:43:38]   [rand_uni_s3] it  73  ||Phi-P||inf=2.8143e-01  d_FR=0.30249  (2.4s)
[10:43:38]   [rand_uni_s3] it  74  ||Phi-P||inf=2.6995e-01  d_FR=0.30209  (2.2s)
[10:43:38]   [rand_uni_s3] it  75  ||Phi-P||inf=2.5857e-01  d_FR=0.30173  (2.2s)
[10:43:38]   [rand_uni_s3] it  76  ||Phi-P||inf=2.5147e-01  d_FR=0.30134  (2.1s)
[10:43:38]   [rand_uni_s3] it  77  ||Phi-P||inf=2.3971e-01  d_FR=0.30098  (2.2s)
[10:43:38]   [rand_uni_s3] it  78  ||Phi-P||inf=2.5633e-01  d_FR=0.30066  (2.2s)
[10:43:38]   [rand_uni_s3] it  79  ||Phi-P||inf=3.1960e-01  d_FR=0.30030  (2.1s)
[10:43:38]   [rand_uni_s3] it  80  ||Phi-P||inf=3.0291e-01  d_FR=0.29991  (2.2s)
[10:43:38]   [rand_uni_s3] it  81  ||Phi-P||inf=2.9641e-01  d_FR=0.29959  (2.1s)
[10:43:38]   [rand_uni_s3] it  82  ||Phi-P||inf=2.8346e-01  d_FR=0.29925  (2.1s)
[10:43:38]   [rand_uni_s3] it  83  ||Phi-P||inf=2.9668e-01  d_FR=0.29893  (2.1s)
[10:43:38]   [rand_uni_s3] it  84  ||Phi-P||inf=2.8079e-01  d_FR=0.29860  (2.1s)
[10:43:38]   [rand_uni_s3] it  85  ||Phi-P||inf=2.6587e-01  d_FR=0.29829  (2.2s)
[10:43:38]   [rand_uni_s3] it  86  ||Phi-P||inf=3.0720e-01  d_FR=0.29792  (2.1s)
[10:43:38]   [rand_uni_s3] it  87  ||Phi-P||inf=2.9099e-01  d_FR=0.29763  (2.2s)
[10:43:38]   [rand_uni_s3] it  88  ||Phi-P||inf=2.7551e-01  d_FR=0.29729  (2.1s)
[10:43:38]   [rand_uni_s3] it  89  ||Phi-P||inf=2.6087e-01  d_FR=0.29701  (2.1s)
[10:43:38]   [rand_uni_s3] it  90  ||Phi-P||inf=2.5209e-01  d_FR=0.29673  (2.1s)
[10:43:38]   [rand_uni_s3] it  91  ||Phi-P||inf=2.4133e-01  d_FR=0.29648  (2.1s)
[10:43:38]   [rand_uni_s3] it  92  ||Phi-P||inf=2.3130e-01  d_FR=0.29624  (2.1s)
[10:43:38]   [rand_uni_s3] it  93  ||Phi-P||inf=2.2277e-01  d_FR=0.29604  (2.1s)
[10:43:38]   [rand_uni_s3] it  94  ||Phi-P||inf=2.1865e-01  d_FR=0.29583  (2.1s)
[10:43:38]   [rand_uni_s3] it  95  ||Phi-P||inf=2.1015e-01  d_FR=0.29563  (2.1s)
[10:43:38]   [rand_uni_s3] it  96  ||Phi-P||inf=2.1006e-01  d_FR=0.29548  (2.1s)
[10:43:38]   [rand_uni_s3] it  97  ||Phi-P||inf=2.0120e-01  d_FR=0.29529  (2.1s)
[10:43:38]   [rand_uni_s3] it  98  ||Phi-P||inf=1.9222e-01  d_FR=0.29513  (2.1s)
[10:43:38]   [rand_uni_s3] it  99  ||Phi-P||inf=1.8320e-01  d_FR=0.29501  (2.1s)
[10:43:38]   [rand_uni_s3] it 100  ||Phi-P||inf=2.4234e-01  d_FR=0.29485  (2.1s)
[10:43:38]   [rand_uni_s3] it 101  ||Phi-P||inf=2.5832e-01  d_FR=0.29469  (2.1s)
[10:43:38]   [rand_uni_s3] it 102  ||Phi-P||inf=2.5790e-01  d_FR=0.29448  (2.1s)
[10:43:38]   [rand_uni_s3] it 103  ||Phi-P||inf=2.4748e-01  d_FR=0.29425  (2.1s)
[10:43:38]   [rand_uni_s3] it 104  ||Phi-P||inf=2.3843e-01  d_FR=0.29405  (2.1s)
[10:43:38]   [rand_uni_s3] it 105  ||Phi-P||inf=2.2806e-01  d_FR=0.29386  (2.2s)
[10:43:38]   [rand_uni_s3] it 106  ||Phi-P||inf=2.1797e-01  d_FR=0.29371  (2.1s)
[10:43:38]   [rand_uni_s3] it 107  ||Phi-P||inf=2.0820e-01  d_FR=0.29351  (2.2s)
[10:43:38]   [rand_uni_s3] it 108  ||Phi-P||inf=2.3022e-01  d_FR=0.29332  (2.1s)
[10:43:38]   [rand_uni_s3] it 109  ||Phi-P||inf=2.2749e-01  d_FR=0.29317  (2.1s)
[10:43:38]   [rand_uni_s3] it 110  ||Phi-P||inf=2.1877e-01  d_FR=0.29304  (2.1s)
[10:43:38]   [rand_uni_s3] it 111  ||Phi-P||inf=2.0978e-01  d_FR=0.29288  (2.1s)
[10:43:38]   [rand_uni_s3] it 112  ||Phi-P||inf=2.0064e-01  d_FR=0.29279  (2.1s)
[10:43:38]   [rand_uni_s3] it 113  ||Phi-P||inf=2.0668e-01  d_FR=0.29271  (2.1s)
[10:43:38]   [rand_uni_s3] it 114  ||Phi-P||inf=1.9846e-01  d_FR=0.29259  (2.1s)
[10:43:38]   [rand_uni_s3] it 115  ||Phi-P||inf=1.9070e-01  d_FR=0.29252  (2.1s)
[10:43:38]   [rand_uni_s3] it 116  ||Phi-P||inf=1.8158e-01  d_FR=0.29246  (2.1s)
[10:43:38]   [rand_uni_s3] it 117  ||Phi-P||inf=2.3199e-01  d_FR=0.29238  (2.1s)
[10:43:38]   [rand_uni_s3] it 118  ||Phi-P||inf=2.2059e-01  d_FR=0.29234  (2.1s)
[10:43:38]   [rand_uni_s3] it 119  ||Phi-P||inf=2.0965e-01  d_FR=0.29225  (2.1s)
[10:43:38]   [rand_uni_s3] it 120  ||Phi-P||inf=2.0140e-01  d_FR=0.29223  (2.1s)
[10:43:38]   [rand_uni_s3] it 121  ||Phi-P||inf=1.9142e-01  d_FR=0.29212  (2.1s)
[10:43:38]   [rand_uni_s3] it 122  ||Phi-P||inf=2.0281e-01  d_FR=0.29204  (2.2s)
[10:43:38]   [rand_uni_s3] it 123  ||Phi-P||inf=2.0126e-01  d_FR=0.29202  (2.1s)
[10:43:38]   [rand_uni_s3] it 124  ||Phi-P||inf=2.0236e-01  d_FR=0.29191  (2.1s)
[10:43:38]   [rand_uni_s3] it 125  ||Phi-P||inf=1.9572e-01  d_FR=0.29182  (2.1s)
[10:43:38]   [rand_uni_s3] it 126  ||Phi-P||inf=1.9359e-01  d_FR=0.29175  (2.1s)
[10:43:38]   [rand_uni_s3] it 127  ||Phi-P||inf=2.0240e-01  d_FR=0.29168  (2.1s)
[10:43:38]   [rand_uni_s3] it 128  ||Phi-P||inf=1.9521e-01  d_FR=0.29157  (2.1s)
[10:43:38]   [rand_uni_s3] it 129  ||Phi-P||inf=1.8760e-01  d_FR=0.29150  (2.1s)
[10:43:38]   [rand_uni_s3] it 130  ||Phi-P||inf=1.8975e-01  d_FR=0.29143  (2.1s)
[10:43:38]   [rand_uni_s3] it 131  ||Phi-P||inf=1.8347e-01  d_FR=0.29132  (2.1s)
[10:43:38]   [rand_uni_s3] it 132  ||Phi-P||inf=1.7896e-01  d_FR=0.29127  (2.1s)
[10:43:38]   [rand_uni_s3] it 133  ||Phi-P||inf=1.7296e-01  d_FR=0.29115  (2.2s)
[10:43:38]   [rand_uni_s3] it 134  ||Phi-P||inf=1.6700e-01  d_FR=0.29109  (2.1s)
[10:43:38]   [rand_uni_s3] it 135  ||Phi-P||inf=1.6667e-01  d_FR=0.29107  (2.2s)
[10:43:38]   [rand_uni_s3] it 136  ||Phi-P||inf=1.6654e-01  d_FR=0.29100  (2.1s)
[10:43:38]   [rand_uni_s3] it 137  ||Phi-P||inf=1.6661e-01  d_FR=0.29090  (2.1s)
[10:43:38]   [rand_uni_s3] it 138  ||Phi-P||inf=1.7039e-01  d_FR=0.29088  (2.1s)
[10:43:38]   [rand_uni_s3] it 139  ||Phi-P||inf=1.9961e-01  d_FR=0.29080  (2.1s)
[10:43:38]   [rand_uni_s3] it 140  ||Phi-P||inf=2.3194e-01  d_FR=0.29075  (2.2s)
[10:43:38]   [rand_uni_s3] it 141  ||Phi-P||inf=2.2568e-01  d_FR=0.29071  (2.2s)
[10:43:38]   [rand_uni_s3] it 142  ||Phi-P||inf=2.1950e-01  d_FR=0.29065  (2.3s)
[10:43:38]   [rand_uni_s3] it 143  ||Phi-P||inf=2.1553e-01  d_FR=0.29061  (2.3s)
[10:43:38]   [rand_uni_s3] it 144  ||Phi-P||inf=2.0997e-01  d_FR=0.29055  (2.2s)
[10:43:38]   [rand_uni_s3] it 145  ||Phi-P||inf=2.0451e-01  d_FR=0.29048  (2.1s)
[10:43:38]   [rand_uni_s3] it 146  ||Phi-P||inf=1.9919e-01  d_FR=0.29044  (2.1s)
[10:43:38]   [rand_uni_s3] it 147  ||Phi-P||inf=1.9608e-01  d_FR=0.29038  (2.1s)
[10:43:38]   [rand_uni_s3] it 148  ||Phi-P||inf=1.9089e-01  d_FR=0.29032  (2.1s)
[10:43:38]   [rand_uni_s3] it 149  ||Phi-P||inf=1.8570e-01  d_FR=0.29027  (2.1s)
[10:43:38]   [rand_uni_s3] it 150  ||Phi-P||inf=1.8098e-01  d_FR=0.29021  (2.1s)
[10:43:38]   [rand_uni_s3] it 151  ||Phi-P||inf=1.7632e-01  d_FR=0.29019  (2.2s)
[10:43:38]   [rand_uni_s3] it 152  ||Phi-P||inf=2.1621e-01  d_FR=0.29019  (2.1s)
[10:43:38]   [rand_uni_s3] it 153  ||Phi-P||inf=2.1676e-01  d_FR=0.29012  (2.1s)
[10:43:38]   [rand_uni_s3] it 154  ||Phi-P||inf=2.1849e-01  d_FR=0.29007  (2.1s)
[10:43:38]   [rand_uni_s3] it 155  ||Phi-P||inf=2.2254e-01  d_FR=0.29005  (2.1s)
[10:43:38]   [rand_uni_s3] it 156  ||Phi-P||inf=2.2537e-01  d_FR=0.29001  (2.1s)
[10:43:38]   [rand_uni_s3] it 157  ||Phi-P||inf=2.2791e-01  d_FR=0.28996  (2.2s)
[10:43:38]   [rand_uni_s3] it 158  ||Phi-P||inf=2.3350e-01  d_FR=0.28992  (2.1s)
[10:43:38]   [rand_uni_s3] it 159  ||Phi-P||inf=2.3664e-01  d_FR=0.28985  (2.1s)
[10:43:38]   [rand_uni_s3] it 160  ||Phi-P||inf=2.3328e-01  d_FR=0.28983  (2.1s)
[10:43:38]   [rand_uni_s3] it 161  ||Phi-P||inf=2.2435e-01  d_FR=0.28977  (2.1s)
[10:43:38]   [rand_uni_s3] it 162  ||Phi-P||inf=2.1689e-01  d_FR=0.28976  (2.1s)
[10:43:38]   [rand_uni_s3] it 163  ||Phi-P||inf=2.0889e-01  d_FR=0.28972  (2.1s)
[10:43:38]   [rand_uni_s3] it 164  ||Phi-P||inf=2.0521e-01  d_FR=0.28966  (2.2s)
[10:43:38]   [rand_uni_s3] it 165  ||Phi-P||inf=1.9761e-01  d_FR=0.28961  (2.1s)
[10:43:38]   [rand_uni_s3] it 166  ||Phi-P||inf=1.9000e-01  d_FR=0.28964  (2.2s)
[10:43:38]   [rand_uni_s3] it 167  ||Phi-P||inf=1.8301e-01  d_FR=0.28960  (2.1s)
[10:43:38]   [rand_uni_s3] it 168  ||Phi-P||inf=1.7600e-01  d_FR=0.28957  (2.1s)
[10:43:38]   [rand_uni_s3] it 169  ||Phi-P||inf=1.6924e-01  d_FR=0.28957  (2.1s)
[10:43:38]   [rand_uni_s3] it 170  ||Phi-P||inf=1.6289e-01  d_FR=0.28953  (2.1s)
[10:43:38]   [rand_uni_s3] it 171  ||Phi-P||inf=1.6178e-01  d_FR=0.28951  (2.1s)
[10:43:38]   [rand_uni_s3] it 172  ||Phi-P||inf=1.5543e-01  d_FR=0.28951  (2.1s)
[10:43:38]   [rand_uni_s3] it 173  ||Phi-P||inf=1.5231e-01  d_FR=0.28950  (2.1s)
[10:43:38]   [rand_uni_s3] it 174  ||Phi-P||inf=1.4913e-01  d_FR=0.28950  (2.1s)
[10:43:38]   [rand_uni_s3] it 175  ||Phi-P||inf=1.4581e-01  d_FR=0.28945  (2.2s)
[10:43:38]   [rand_uni_s3] it 176  ||Phi-P||inf=1.4234e-01  d_FR=0.28948  (2.1s)
[10:43:38]   [rand_uni_s3] it 177  ||Phi-P||inf=1.5233e-01  d_FR=0.28949  (2.1s)
[10:43:38]   [rand_uni_s3] it 178  ||Phi-P||inf=1.4841e-01  d_FR=0.28944  (2.2s)
[10:43:38]   [rand_uni_s3] it 179  ||Phi-P||inf=1.4445e-01  d_FR=0.28947  (2.1s)
[10:43:38]   [rand_uni_s3] it 180  ||Phi-P||inf=1.4046e-01  d_FR=0.28946  (2.1s)
[10:43:38]   [rand_uni_s3] it 181  ||Phi-P||inf=1.3646e-01  d_FR=0.28943  (2.1s)
[10:43:38]   [rand_uni_s3] it 182  ||Phi-P||inf=1.3246e-01  d_FR=0.28950  (2.1s)
[10:43:38]   [rand_uni_s3] it 183  ||Phi-P||inf=1.2847e-01  d_FR=0.28949  (2.1s)
[10:43:38]   [rand_uni_s3] it 184  ||Phi-P||inf=1.2450e-01  d_FR=0.28946  (2.1s)
[10:43:38]   [rand_uni_s3] it 185  ||Phi-P||inf=1.2057e-01  d_FR=0.28950  (2.1s)
[10:43:38]   [rand_uni_s3] it 186  ||Phi-P||inf=1.1667e-01  d_FR=0.28952  (2.1s)
[10:43:38]   [rand_uni_s3] it 187  ||Phi-P||inf=1.1282e-01  d_FR=0.28952  (2.1s)
[10:43:38]   [rand_uni_s3] it 188  ||Phi-P||inf=1.0902e-01  d_FR=0.28951  (2.1s)
[10:43:38]   [rand_uni_s3] it 189  ||Phi-P||inf=1.0529e-01  d_FR=0.28954  (2.1s)
[10:43:38]   [rand_uni_s3] it 190  ||Phi-P||inf=1.0818e-01  d_FR=0.28958  (2.1s)
[10:43:38]   [rand_uni_s3] it 191  ||Phi-P||inf=1.0799e-01  d_FR=0.28958  (2.1s)
[10:43:38]   [rand_uni_s3] it 192  ||Phi-P||inf=9.7447e-02  d_FR=0.28961  (2.1s)
[10:43:38]   [rand_uni_s3] it 193  ||Phi-P||inf=1.0771e-01  d_FR=0.28963  (2.1s)
[10:43:38]   [rand_uni_s3] it 194  ||Phi-P||inf=1.0863e-01  d_FR=0.28963  (2.1s)
[10:43:38]   [rand_uni_s3] it 195  ||Phi-P||inf=1.8042e-01  d_FR=0.28965  (2.1s)
[10:43:38]   [rand_uni_s3] it 196  ||Phi-P||inf=1.9431e-01  d_FR=0.28967  (2.1s)
[10:43:38]   [rand_uni_s3] it 197  ||Phi-P||inf=1.8653e-01  d_FR=0.28966  (2.1s)
[10:43:38]   [rand_uni_s3] it 198  ||Phi-P||inf=1.7892e-01  d_FR=0.28970  (2.1s)
[10:43:38]   [rand_uni_s3] it 199  ||Phi-P||inf=1.7136e-01  d_FR=0.28970  (2.1s)
[10:43:38]   [rand_uni_s3] it 200  ||Phi-P||inf=1.6516e-01  d_FR=0.28968  (2.1s)
[10:43:38] === seed 'rand_uni_s3' done: conv=False plat=False div=False iters=200 dFR_final=0.28968 phiP_final=1.6516e-01 (7.3 min) ===
[10:43:38] [4/33] CLUSTERS so far: d_FR=0.2975(1); d_FR=0.2947(1); d_FR=0.3032(1); d_FR=0.2897(1)
