======================================================================
MORSE-ROBUST no-kernel h-free PR nail + continuum   tau=2 gamma=0.1
date 2026-05-29  UMAX=4.0 NQ=40 SUB=4 eps_c=0.001 (geo softened by eps_c*h^2)
    G=9 nk it 1 ||F||=2.980e-01
    G=9 nk it 2 ||F||=4.276e-02
    G=9 nk it 3 ||F||=1.686e-02
    G=9 nk it 4 ||F||=6.571e-04
    G=9 nk it 5 ||F||=2.504e-04
    G=9 nk it 6 ||F||=9.735e-06
    G=9 nk it 7 ||F||=1.099e-08
    G=9 nk it 8 ||F||=7.883e-15
  G= 9: ||F||=7.883e-15 NAILED deficit=0.16858 d_FR=0.2568 iters=8 picard=False (10.1s)
    G=13 nk it 1 ||F||=6.607e-02
    G=13 nk it 2 ||F||=6.383e-02
    G=13 nk it 3 ||F||=3.928e-02
    G=13 nk it 4 ||F||=3.084e-02
    G=13 nk it 5 ||F||=8.095e-03
    G=13 nk it 6 ||F||=3.700e-03
    G=13 nk it 7 ||F||=2.196e-03
    G=13 nk it 8 ||F||=2.830e-03
    G=13 nk it 9 ||F||=2.663e-03
    G=13 nk it 10 ||F||=2.610e-03
