[15:59:19] PERSIST flint (Σ̂,δ̂) damped Picard, dps=200, γ=0.1, NL IC, MAX=3000
[15:59:31]   iter    1  ω=1.0000  ferr=3.365e-01  best=3.365e-01  d_FR=2.3196e-01  1-R²=2.550e-01  (12.1s)
[16:01:23]   iter   10  ω=0.5145  ferr=6.350e-02  best=6.350e-02  d_FR=2.6716e-01  1-R²=5.162e-01  (12.5s)
[16:03:28]   iter   20  ω=0.1297  ferr=1.180e-02  best=1.180e-02  d_FR=2.7417e-01  1-R²=5.875e-01  (12.8s)
[16:05:33]   iter   30  ω=0.0636  ferr=1.188e-02  best=9.488e-03  d_FR=2.7553e-01  1-R²=6.055e-01  (12.8s)
[16:07:40]   iter   40  ω=0.0311  ferr=4.168e-03  best=4.168e-03  d_FR=2.7623e-01  1-R²=6.138e-01  (12.9s)
[16:09:46]   --- iter 50: PERTURB σ=1e-4
[16:09:46]   iter   50  ω=0.0311  ferr=2.962e-03  best=2.962e-03  d_FR=2.7659e-01  1-R²=7.036e-01  (12.9s)
[16:11:52]   iter   60  ω=0.0160  ferr=1.217e-03  best=1.217e-03  d_FR=2.7677e-01  1-R²=4.848e-01  (12.8s)
[16:13:57]   iter   70  ω=0.0112  ferr=1.275e-03  best=1.035e-03  d_FR=2.7691e-01  1-R²=4.871e-01  (12.6s)
[16:16:05]   iter   80  ω=0.0019  ferr=2.091e-04  best=2.091e-04  d_FR=2.7697e-01  1-R²=4.880e-01  (12.8s)
[16:18:11]   iter   90  ω=0.0010  ferr=7.733e-05  best=7.733e-05  d_FR=2.7698e-01  1-R²=4.882e-01  (12.6s)
[16:19:27]   --- iter 96: STALL — random ω kick 0.0010 → 0.1206
[16:20:17]   iter  100  ω=0.0591  ferr=4.383e-03  best=7.720e-05  d_FR=2.7725e-01  1-R²=4.934e-01  (12.5s)
[16:20:18]   --- push iter 100: commit_rc=0 push_rc=0
[16:22:25]   iter  110  ω=0.0203  ferr=2.269e-03  best=7.720e-05  d_FR=2.7750e-01  1-R²=4.984e-01  (12.5s)
[16:24:32]   iter  120  ω=0.0034  ferr=4.806e-04  best=7.720e-05  d_FR=2.7758e-01  1-R²=5.000e-01  (12.6s)
[16:26:39]   iter  130  ω=0.0010  ferr=1.387e-04  best=7.720e-05  d_FR=2.7760e-01  1-R²=5.003e-01  (12.6s)
[16:27:29]   --- iter 134: STALL — random ω kick 0.0010 → 0.1547
[16:28:46]   iter  140  ω=0.0758  ferr=1.325e-02  best=7.720e-05  d_FR=2.7815e-01  1-R²=5.090e-01  (12.6s)
[16:30:51]   iter  150  ω=0.0758  ferr=5.407e-03  best=7.720e-05  d_FR=2.7873e-01  1-R²=5.199e-01  (12.6s)
[16:32:56]   iter  160  ω=0.0531  ferr=2.711e-03  best=7.720e-05  d_FR=2.7905e-01  1-R²=5.309e-01  (12.7s)
[16:35:03]   iter  170  ω=0.0134  ferr=8.036e-04  best=7.720e-05  d_FR=2.7918e-01  1-R²=5.360e-01  (12.6s)
[16:37:09]   iter  180  ω=0.0022  ferr=1.372e-04  best=7.720e-05  d_FR=2.7920e-01  1-R²=5.371e-01  (12.5s)
[16:37:59]   --- iter 184: PERTURB σ=1e-4
[16:39:15]   iter  190  ω=0.0010  ferr=4.291e-05  best=4.288e-05  d_FR=2.7920e-01  1-R²=4.957e-01  (12.5s)
[16:41:22]   iter  200  ω=0.0010  ferr=4.298e-05  best=4.288e-05  d_FR=2.7921e-01  1-R²=4.958e-01  (12.7s)
